---
source: libs/@local/hashql/syntax-jexpr/src/parser/object/tuple.rs
description: Parses a tuple with type annotation
expression: "{\"#tuple\": [{\"#literal\": 1}, {\"#literal\": \"text\"}], \"#type\": \"Tuple<Int, String>\"}"
---
Expr#4294967040@19
  ExprKind (Tuple)
    TupleExpr#4294967040@4
      TupleElement#4294967040@1
        Expr#4294967040@1
          ExprKind (Literal)
            LiteralExpr#4294967040@0
              Primitive (Integer)
                Integer (1)
      TupleElement#4294967040@3
        Expr#4294967040@3
          ExprKind (Literal)
            LiteralExpr#4294967040@2
              Primitive (String)
                String (text)
      Type#4294967040@18
        TypeKind (Path)
          Path#4294967040@18 (rooted: false)
            PathSegment#4294967040@17 (name: Tuple)
              PathSegmentArgument (GenericArgument)
                GenericArgument#4294967040@11
                  Type#4294967040@10
                    TypeKind (Path)
                      Path#4294967040@10 (rooted: false)
                        PathSegment#4294967040@9 (name: Int)
              PathSegmentArgument (GenericArgument)
                GenericArgument#4294967040@16
                  Type#4294967040@15
                    TypeKind (Path)
                      Path#4294967040@15 (rooted: false)
                        PathSegment#4294967040@14 (name: String)
