---
source: libs/@local/hashql/syntax-jexpr/src/parser/object/dict.rs
description: Parses with a sudden EOF
expression: "{\"#dict\": "
---
error[lexer::unexpected-eof]: Unexpected end of file
  ╭▸ 
1 │ {"#dict": 
  │           ━ Unexpected end of file, expected `{` or `[`
  │
  ╰ help: The file ended where an opening bracket was expected. Complete the expression structure.
