---
source: libs/@local/hashql/syntax-jexpr/src/parser/object/literal.rs
description: Rejects unknown keys in literal objects
expression: "{\"#literal\": 42, \"unknown\": \"value\"}"
---
error[parser::object::unknown-key]: Unknown or unsupported object key
  ╭▸ 
1 │ {"#literal": 42, "unknown": "value"}
  │                  ━━━━━━━━━ Replace `unknown` with a valid key
  │
  ╰ help: This J-Expr object only accepts these specific keys: `#type`
