---
source: libs/@local/hashql/syntax-jexpr/src/parser/object/tuple.rs
description: Rejects non-array values for tuples
expression: "{\"#tuple\": {\"not\": \"an-array\"}}"
---
error[parser::object::tuple-expected-array]: Expected array for #tuple definition
  ╭▸ 
1 │ {"#tuple": {"not": "an-array"}}
  │            ━ Expected an array here
  │
  ├ help: The #tuple construct requires an array of elements, but found `{`. Use square brackets to define the tuple elements: [element1, element2, ...]
  ╰ note: Tuples in J-Expr represent fixed-size ordered collections where each position can have a different type.
