---
source: libs/@local/hashql/syntax-jexpr/src/parser/object/list.rs
description: Parses with a sudden EOF
expression: "{\"#tuple\": "
---
[31m[lexer::lexer::unexpected-eof] Error:[0m Lexer
   ╭─[ <unknown>:1:12 ]
   │
 1 │ {"#tuple":
   │            │ 
   │            ╰─ Unexpected end of file, expected `[`
   │ 
   │ Help: The file ended where an opening bracket was expected. Complete the expression structure.
───╯
