---
source: libs/@local/hashql/syntax-jexpr/src/parser/object/tuple.rs
description: Rejects non-array values for tuples
expression: "{\"#tuple\": {\"not\": \"an-array\"}}"
---
[31m[parser::object::tuple-expected-array] Error:[0m Parser
   ╭─[ <unknown>:1:12 ]
   │
 1 │ {"#tuple": {"not": "an-array"}}
   │            ┬  
   │            ╰── Unexpected token
   │ 
   │ Help: Expected `[` at this position
───╯
