---
source: libs/@local/hashql/syntax-jexpr/src/parser/object/mod.rs
description: Rejects objects with multiple expression keys
expression: "{\"#literal\": 42, \"#list\": []}"
---
error[parser::object::unknown-key]: Unknown or unsupported object key
  ╭▸ 
1 │ {"#literal": 42, "#list": []}
  │                  ━━━━━━━ Replace `#list` with a valid key
  │
  ╰ help: This J-Expr object only accepts these specific keys: `#type`
