---
source: libs/@local/hashql/syntax-jexpr/src/parser/object/struct.rs
description: Parses a struct with many fields
expression: "{\"#struct\": {\n            \"field1\": {\"#literal\": 1},\n            \"field2\": {\"#literal\": 2},\n            \"field3\": {\"#literal\": 3},\n            \"field4\": {\"#literal\": 4},\n            \"field5\": {\"#literal\": 5},\n            \"field6\": {\"#literal\": 6},\n            \"field7\": {\"#literal\": 7},\n            \"field8\": {\"#literal\": 8},\n            \"field9\": {\"#literal\": 9},\n            \"field10\": {\"#literal\": 10}\n        }}"
---
Expr#4294967040@51
  ExprKind (Struct)
    StructExpr#4294967040@50
      StructEntry#4294967040@4 (key: field1)
        Expr#4294967040@3
          ExprKind (Literal)
            LiteralExpr#4294967040@2
              Primitive (Integer)
                Integer (1)
      StructEntry#4294967040@9 (key: field2)
        Expr#4294967040@8
          ExprKind (Literal)
            LiteralExpr#4294967040@7
              Primitive (Integer)
                Integer (2)
      StructEntry#4294967040@14 (key: field3)
        Expr#4294967040@13
          ExprKind (Literal)
            LiteralExpr#4294967040@12
              Primitive (Integer)
                Integer (3)
      StructEntry#4294967040@19 (key: field4)
        Expr#4294967040@18
          ExprKind (Literal)
            LiteralExpr#4294967040@17
              Primitive (Integer)
                Integer (4)
      StructEntry#4294967040@24 (key: field5)
        Expr#4294967040@23
          ExprKind (Literal)
            LiteralExpr#4294967040@22
              Primitive (Integer)
                Integer (5)
      StructEntry#4294967040@29 (key: field6)
        Expr#4294967040@28
          ExprKind (Literal)
            LiteralExpr#4294967040@27
              Primitive (Integer)
                Integer (6)
      StructEntry#4294967040@34 (key: field7)
        Expr#4294967040@33
          ExprKind (Literal)
            LiteralExpr#4294967040@32
              Primitive (Integer)
                Integer (7)
      StructEntry#4294967040@39 (key: field8)
        Expr#4294967040@38
          ExprKind (Literal)
            LiteralExpr#4294967040@37
              Primitive (Integer)
                Integer (8)
      StructEntry#4294967040@44 (key: field9)
        Expr#4294967040@43
          ExprKind (Literal)
            LiteralExpr#4294967040@42
              Primitive (Integer)
                Integer (9)
      StructEntry#4294967040@49 (key: field10)
        Expr#4294967040@48
          ExprKind (Literal)
            LiteralExpr#4294967040@47
              Primitive (Integer)
                Integer (10)
