---
source: libs/@local/hashql/syntax-jexpr/src/parser/object/visit.rs
description: Object with consecutive colons should fail
expression: "{\"a\":: 1}"
---
error[object::consecutive-colon]: Multiple colons between key and value
  ╭▸ 
1 │ {"a":: 1}
  │      ━ Remove this extra colon
  │
  ╰ help: J-Expr requires exactly one colon between a key and its value. Use `{"key": value}` format.
