---
source: libs/@local/hashql/syntax-jexpr/src/parser/object/struct.rs
description: Rejects unknown keys in struct objects
expression: "{\"#struct\": {}, \"unknown\": {\"#literal\": \"value\"}}"
---
error[parser::object::unknown-key]: Unknown or unsupported object key
  ╭▸ 
1 │ {"#struct": {}, "unknown": {"#literal": "value"}}
  │                 ━━━━━━━━━ Replace `unknown` with a valid key
  │
  ╰ help: This J-Expr object only accepts these specific keys: `#type`
