---
source: libs/@local/hashql/syntax-jexpr/src/parser/object/literal.rs
description: Rejects invalid literal values
expression: "{\"#literal\": {\"invalid\": \"object\"}}"
---
error[parser::object::literal-expected-primitive]: Expected primitive for literal definition
  ╭▸ 
1 │ {"#literal": {"invalid": "object"}}
  │              ━ Invalid literal value in this context
  │
  ╰ help: Found `{`, which is not a valid primitive literal. Primitive literals are either strings, numbers, or booleans.
