---
source: libs/@local/hashql/syntax-jexpr/src/parser/object/mod.rs
description: Rejects unknown top-level keys in objects
expression: "{\"invalid\": 42}"
---
[31m[parser::object::unknown-key] Error:[0m Parser
   ╭─[ <unknown>:1:2 ]
   │
 1 │ {"invalid": 42}
   │  ────┬────  
   │      ╰────── Unrecognized key `invalid`
   │ 
   │ Help: This J-Expr object only accepts these specific keys: `#literal`, `#struct`, `#dict`, `#tuple`, `#list`, or `#type`
───╯
