---
source: libs/@local/hashql/syntax-jexpr/src/parser/object/type.rs
description: Parses with a sudden EOF
expression: "{\"#type\": "
---
error[lexer::unexpected-eof]: Unexpected end of file
  ╭▸ 
1 │ {"#type": 
  │           ━ Unexpected end of file, expected string
  │
  ╰ help: The file ended where a value was expected. Add a valid JSON value (string, number, object, array, true, false, or null).
