---
source: libs/@local/hashql/syntax-jexpr/src/parser/object/dict.rs
description: Parses nested dicts using object format
expression: "{\"#dict\": {\n            \"outer1\": {\"#dict\": {\n                \"inner1\": {\"#literal\": \"value1\"},\n                \"inner2\": {\"#literal\": \"value2\"}\n            }},\n            \"outer2\": {\"#dict\": {\n                \"inner3\": {\"#literal\": \"value3\"}\n            }}\n        }}"
---
Expr#4294967040@21
  ExprKind (Dict)
    DictExpr#4294967040@20
      DictEntry#4294967040@11
        Expr#4294967040@0
          ExprKind (Literal)
            LiteralExpr#4294967040@0
              Primitive (String)
                String (outer1)
        Expr#4294967040@10
          ExprKind (Dict)
            DictExpr#4294967040@9
              DictEntry#4294967040@4
                Expr#4294967040@1
                  ExprKind (Literal)
                    LiteralExpr#4294967040@1
                      Primitive (String)
                        String (inner1)
                Expr#4294967040@3
                  ExprKind (Literal)
                    LiteralExpr#4294967040@2
                      Primitive (String)
                        String (value1)
              DictEntry#4294967040@8
                Expr#4294967040@5
                  ExprKind (Literal)
                    LiteralExpr#4294967040@5
                      Primitive (String)
                        String (inner2)
                Expr#4294967040@7
                  ExprKind (Literal)
                    LiteralExpr#4294967040@6
                      Primitive (String)
                        String (value2)
      DictEntry#4294967040@19
        Expr#4294967040@12
          ExprKind (Literal)
            LiteralExpr#4294967040@12
              Primitive (String)
                String (outer2)
        Expr#4294967040@18
          ExprKind (Dict)
            DictExpr#4294967040@17
              DictEntry#4294967040@16
                Expr#4294967040@13
                  ExprKind (Literal)
                    LiteralExpr#4294967040@13
                      Primitive (String)
                        String (inner3)
                Expr#4294967040@15
                  ExprKind (Literal)
                    LiteralExpr#4294967040@14
                      Primitive (String)
                        String (value3)
