---
source: libs/@local/hashql/syntax-jexpr/src/parser/object/struct.rs
description: Rejects non-object values for structs
expression: "{\"#struct\": [\"not\", \"an-object\"]}"
---
[31m[parser::object::struct-expected-object] Error:[0m Parser
   ╭─[ <unknown>:1:13 ]
   │
 1 │ {"#struct": ["not", "an-object"]}
   │             ┬  
   │             ╰── Unexpected token
   │ 
   │ Help: Expected `{` at this position
───╯
