---
source: libs/@local/hashql/syntax-jexpr/src/parser/object/struct.rs
description: Parses with a sudden EOF
expression: "{\"#struct\": "
---
error[lexer::unexpected-eof]: Unexpected end of file
  ╭▸ 
1 │ {"#struct": 
  │             ━ Unexpected end of file, expected `{`
  │
  ╰ help: The file ended where an opening bracket was expected. Complete the expression structure.
