---
source: libs/@local/hashql/syntax-jexpr/src/parser/object/dict.rs
description: Rejects invalid dict format (not object or array)
expression: "{\"#dict\": \"invalid\"}"
---
error[parser::object::dict-expected-format]: Expected valid dictionary format
  ╭▸ 
1 │ {"#dict": "invalid"}
  │           ━━━━━━━━━ Expected an object or array of pairs here
  │
  ├ help: Found string, but the #dict construct requires either an object {key: value, ...} or an array of pairs [[key, value], ...]
  ╰ note: Valid dictionary formats:
              1. Object syntax: {"key1": value1, "key2": value2, ...}
              2. Array of pairs: [[key1, value1], [key2, value2], ...]
