---
source: libs/@local/hashql/syntax-jexpr/src/parser/object/struct.rs
description: "Rejects duplicate #type keys in struct"
expression: "{\"#struct\": {}, \"#type\": \"Person\", \"#type\": \"User\"}"
---
error[parser::object::duplicate-key]: Duplicate key in object
  ╭▸ 
1 │ {"#struct": {}, "#type": "Person", "#type": "User"}
  │                 ┬──────            ━━━━━━━ Duplicate key
  │                 │
  │                 First occurrence of `#type`
  │
  ╰ help: J-Expr does not allow duplicate keys in the same object. Each key must be unique.
