---
source: libs/@local/hashql/syntax-jexpr/src/parser/object/literal.rs
description: "Rejects duplicate #type keys"
expression: "{\"#literal\": 42, \"#type\": \"Int\", \"#type\": \"Float\"}"
---
error[parser::object::duplicate-key]: Duplicate key in object
  ╭▸ 
1 │ {"#literal": 42, "#type": "Int", "#type": "Float"}
  │                  ┬──────         ━━━━━━━ Duplicate key
  │                  │
  │                  First occurrence of `#type`
  │
  ╰ help: J-Expr does not allow duplicate keys in the same object. Each key must be unique.
