---
source: libs/@local/hashql/syntax-jexpr/src/parser/object/visit.rs
description: Unclosed object should fail
expression: "{\"a\": 1"
---
error[lexer::unexpected-eof]: Unexpected end of file
  ╭▸ 
1 │ {"a": 1
  │        ━ Unexpected end of file
  │
  ╰ help: Missing closing bracket. Make sure all opening brackets have matching closing brackets.
