---
source: libs/@local/hashql/syntax-jexpr/src/parser/object/visit.rs
description: Object with missing colon should fail
expression: "{\"a\" 1}"
---
error[lexer::unexpected-token]: Unexpected token
  ╭▸ 
1 │ {"a" 1}
  │      ━ Unexpected number, expected `:`
  │
  ╰ help: Check your JSON syntax. Make sure brackets are balanced and all required punctuation is present.
