---
source: libs/@local/hashql/syntax-jexpr/src/parser/object/literal.rs
description: Parses with a sudden EOF
expression: "{\"#literal\": "
---
error[lexer::unexpected-eof]: Unexpected end of file
  ╭▸ 
1 │ {"#literal": 
  │              ━ Unexpected end of file, expected string, number, `true`, `false`, or `null`
  │
  ╰ help: The file ended where a value was expected. Add a valid JSON value (string, number, object, array, true, false, or null).
