---
source: libs/@local/hashql/syntax-jexpr/src/parser/object/visit.rs
description: Object with missing comma should fail
expression: "{\"a\": 1 \"b\": 2}"
---
error[lexer::unexpected-token]: Unexpected token
  ╭▸ 
1 │ {"a": 1 "b": 2}
  │         ━━━ Unexpected string, expected `,` or `}`
  │
  ╰ help: Missing closing bracket. Make sure all opening brackets have matching closing brackets.
