---
source: libs/@local/hashql/syntax-jexpr/src/parser/object/list.rs
description: "Rejects duplicate #list keys"
expression: "{\"#list\": [], \"#list\": []}"
---
[31m[parser::object::duplicate-key] Error:[0m Parser
   ╭─[ <unknown>:1:15 ]
   │
 1 │ {"#list": [], "#list": []}
   │  ───┬───      ───┬───  
   │     │            ╰───── Duplicate key
   │     │                  
   │     ╰────────────────── First occurrence of `#list`
   │ 
   │ Help: J-Expr does not allow duplicate keys in the same object. Each key must be unique.
───╯
