---
source: libs/@local/hashql/syntax-jexpr/src/parser/object/literal.rs
description: Parses with a sudden EOF
expression: "{\"#literal\": "
---
[31m[lexer::lexer::unexpected-eof] Error:[0m Lexer
   ╭─[ <unknown>:1:14 ]
   │
 1 │ {"#literal":
   │              │ 
   │              ╰─ Unexpected end of file, expected string, number, `true`, `false`, or `null`
   │ 
   │ Help: The file ended where a value was expected. Add a valid JSON value (string, number, object, array, true, false, or null).
───╯
