---
source: libs/@local/hashql/syntax-jexpr/src/parser/object/list.rs
description: Parses a list with literal values
expression: "{\"#list\": [{\"#literal\": 1}, {\"#literal\": 2}, {\"#literal\": 3}]}"
---
Expr#4294967040@7
  ExprKind (List)
    ListExpr#4294967040@6
      ListElement#4294967040@1
        Expr#4294967040@1
          ExprKind (Literal)
            LiteralExpr#4294967040@0
              Primitive (Integer)
                Integer (1)
      ListElement#4294967040@3
        Expr#4294967040@3
          ExprKind (Literal)
            LiteralExpr#4294967040@2
              Primitive (Integer)
                Integer (2)
      ListElement#4294967040@5
        Expr#4294967040@5
          ExprKind (Literal)
            LiteralExpr#4294967040@4
              Primitive (Integer)
                Integer (3)
