---
source: libs/@local/hashql/syntax-jexpr/src/parser/object/visit.rs
description: Object with multiple leading commas should fail
expression: "{,,\"a\": 1}"
---
error[object::leading-comma]: Unexpected leading comma in object
  ╭▸ 
1 │ {,,"a": 1}
  │  ┯─ ... and this leading comma
  │  │
  │  Remove this leading comma
  │
  ╰ help: J-Expr does not support leading commas in objects. Use `{"key1": value1, "key2": value2}` format.
