---
source: libs/@local/hashql/syntax-jexpr/src/parser/object/list.rs
description: Parses a list with type annotation
expression: "{\"#list\": [{\"#literal\": 1}, {\"#literal\": 2}], \"#type\": \"List<Int>\"}"
---
Expr#4294967040@14
  ExprKind (List)
    ListExpr#4294967040@4
      ListElement#4294967040@1
        Expr#4294967040@1
          ExprKind (Literal)
            LiteralExpr#4294967040@0
              Primitive (Integer)
                Integer (1)
      ListElement#4294967040@3
        Expr#4294967040@3
          ExprKind (Literal)
            LiteralExpr#4294967040@2
              Primitive (Integer)
                Integer (2)
      Type#4294967040@13
        TypeKind (Path)
          Path#4294967040@13 (rooted: false)
            PathSegment#4294967040@12 (name: List)
              PathSegmentArgument (GenericArgument)
                GenericArgument#4294967040@11
                  Type#4294967040@10
                    TypeKind (Path)
                      Path#4294967040@10 (rooted: false)
                        PathSegment#4294967040@9 (name: Int)
