---
source: libs/@local/hashql/syntax-jexpr/src/parser/object/list.rs
description: Rejects unknown keys in list objects
expression: "{\"#list\": [], \"unknown\": {\"#literal\": \"value\"}}"
---
error[parser::object::unknown-key]: Unknown or unsupported object key
  ╭▸ 
1 │ {"#list": [], "unknown": {"#literal": "value"}}
  │               ━━━━━━━━━ Replace `unknown` with a valid key
  │
  ╰ help: This J-Expr object only accepts these specific keys: `#type`
