---
source: libs/@local/hashql/syntax-jexpr/src/parser/object/tuple.rs
description: Rejects unknown keys in tuple objects
expression: "{\"#tuple\": [], \"unknown\": {\"#literal\": \"value\"}}"
---
[31m[parser::object::unknown-key] Error:[0m Parser
   ╭─[ <unknown>:1:16 ]
   │
 1 │ {"#tuple": [], "unknown": {"#literal": "value"}}
   │                ────┬────  
   │                    ╰────── Replace `unknown` with a valid key
   │ 
   │ Help: This J-Expr object only accepts these specific keys: `#type`
───╯
