---
source: libs/@local/hashql/syntax-jexpr/src/parser/object/visit.rs
description: Object with missing colon should fail
expression: "{\"a\" 1}"
---
[31m[array::expected-colon] Error:[0m Array
   ╭─[ <unknown>:1:6 ]
   │
 1 │ {"a" 1}
   │      ┬  
   │      ╰── Unexpected token in this context
   │ 
   │ Help: Expected `:` at this position
───╯
