---
source: libs/@local/hashql/syntax-jexpr/src/parser/object/visit.rs
description: Object with multiple leading commas should fail
expression: "{,,\"a\": 1}"
---
[31m[object::leading-comma] Error:[0m Object
   ╭─[ <unknown>:1:3 ]
   │
 1 │ {,,"a": 1}
   │  ┬┬  
   │  │╰── Remove this leading comma
   │  │   
   │  ╰─── ... and this leading comma
   │ 
   │ Help: J-Expr does not support leading commas in objects. Use `{"key1": value1, "key2": value2}` format.
───╯
