---
source: libs/@local/hashql/mir/src/pass/transform/inst_simplify/tests.rs
expression: value
---
fn {closure@4294967040}(%0: Integer) -> Boolean {
    let %1: Integer
    let %2: Boolean

    bb0(): {
        switchInt(%0) -> [0: bb1(), 1: bb2()]
    }

    bb1(): {
        goto -> bb3(1)
    }

    bb2(): {
        goto -> bb3(2)
    }

    bb3(%1): {
        %2 = %1 == 1

        return %2
    }
}

================== Changed: No ===================

fn {closure@4294967040}(%0: Integer) -> Boolean {
    let %1: Integer
    let %2: Boolean

    bb0(): {
        switchInt(%0) -> [0: bb1(), 1: bb2()]
    }

    bb1(): {
        goto -> bb3(1)
    }

    bb2(): {
        goto -> bb3(2)
    }

    bb3(%1): {
        %2 = %1 == 1

        return %2
    }
}
