---
source: libs/@local/hashql/mir/src/pass/transform/inst_simplify/tests.rs
expression: value
---
fn {intrinsic#4294967040}(%0: Integer) -> Integer {
    let %1: Integer

    bb0(): {
        %1 = %0 | 0

        return %1
    }
}

================== Changed: Yes ==================

fn {intrinsic#4294967040}(%0: Integer) -> Integer {
    let %1: Integer

    bb0(): {
        %1 = %0

        return %1
    }
}
