---
source: libs/@local/hashql/mir/src/pass/transform/cp/tests.rs
expression: value
---
fn {intrinsic#4294967040}() -> Boolean {
    let %0: Boolean
    let %1: Integer
    let %2: Boolean

    bb0(): {
        %0 = 1

        switchInt(%0) -> [0: bb2(), 1: bb1()]
    }

    bb1(): {
        goto -> bb3(1)
    }

    bb2(): {
        goto -> bb3(1)
    }

    bb3(%1): {
        %2 = %1 == %1

        return %2
    }
}

------------------------------------

fn {intrinsic#4294967040}() -> Boolean {
    let %0: Boolean
    let %1: Integer
    let %2: Boolean

    bb0(): {
        %0 = 1

        switchInt(1) -> [0: bb2(), 1: bb1()]
    }

    bb1(): {
        goto -> bb3(1)
    }

    bb2(): {
        goto -> bb3(1)
    }

    bb3(%1): {
        %2 = 1 == 1

        return %2
    }
}
