---
source: libs/@local/hql/cst/src/parse/json/node.rs
expression: result
---
Err(
    [1mmalformed expression object[22m
    ├╴at [3mlibs/@local/hql/cst/src/parse/json/node.rs:136:14[23m
    │
    ├─▶ [1munable to parse[22m
    │   ╰╴at [3mlibs/@local/hql/cst/src/parse/json/node_object.rs:514:14[23m
    │
    ├─▶ [1merror while parsing object entry[22m
    │   ╰╴at [3mlibs/@local/hql/cst/src/parse/json/util.rs:202:55[23m
    │
    ╰─▶ [1mcall object only allows for `fn` and `args` keys, received `sig`[22m
        ├╴at [3mlibs/@local/hql/cst/src/parse/json/node_object.rs:266:28[23m
        ╰╴1 additional opaque attachment,
)
