---
source: libs/@local/hql/cst/src/parse/json/node.rs
expression: result
---
Ok(
    Node {
        expr: Call(
            Call {
                fn: Node {
                    expr: Path(
                        Path(
                            [
                                Symbol(
                                    "func",
                                ),
                            ],
                        ),
                    ),
                    span: 7..13,
                },
                args: [],
            },
        ),
        span: 0..14,
    },
)
