---
source: libs/@local/hql/cst/src/parse/json/node.rs
expression: result
---
Ok(
    Node {
        expr: Constant(
            Constant {
                value: Value {
                    kind: Number(
                        "42",
                    ),
                    span: 10..12,
                },
                type: None,
            },
        ),
        span: 0..13,
    },
)
