---
source: libs/@local/hashql/syntax-jexpr/src/lexer/mod.rs
description: Number with double minus
expression: "--42"
---
error[lexer::invalid-number]: Invalid number literal
  ╭▸ 
1 │ --42
  │  ━ expected digit
  │
  ╰ help: JSON numbers must contain digits and follow the format: `[-]digits[.digits][(e|E)[+|-]digits]`
