---
source: libs/@local/hashql/syntax-jexpr/src/lexer/mod.rs
description: Invalid number format (trailing decimal point)
expression: "{\"number\": 42.}"
---
error[lexer::invalid-number]: Invalid number literal
  ╭▸ 
1 │ {"number": 42.}
  │               ━ expected digit
  │
  ╰ help: JSON numbers must contain digits and follow the format: `[-]digits[.digits][(e|E)[+|-]digits]`
