---
source: libs/@local/hashql/syntax-jexpr/src/lexer/mod.rs
description: Invalid exponent format
expression: 1e
---
[31m[lexer::invalid-number] Error:[0m Lexer
   ╭─[ <unknown>:1:1 ]
   │
 1 │ 1e
   │ │ 
   │ ╰─ Expected a digit in number literal
   │ 
   │ Help: JSON numbers must contain digits and follow the format: `[-]digits[.digits][(e|E)[+|-]digits]`
───╯
