---
source: libs/@local/hashql/syntax-jexpr/src/lexer/mod.rs
description: Family emoji with zero-width joiners
expression: 👨‍👩‍👧‍👦
---
error[lexer::invalid-character]: Invalid character
  ╭▸ 
1 │ 👨👩👧👦
  │ ━━ Unrecognized character
  │
  ╰ help: J-Expr only supports standard JSON syntax. Make sure you're using valid JSON tokens like {}, [], strings, numbers, true/false, or null.
