---
source: libs/@local/hashql/syntax-jexpr/src/lexer/mod.rs
description: Crab emoji (4 bytes)
expression: 🦀
---
[31m[lexer::invalid-character] Error:[0m Lexer
   ╭─[ <unknown>:1:1 ]
   │
 1 │ 🦀
   │ ┬─  
   │ ╰─── Unrecognized character
   │ 
   │ Help: J-Expr only supports standard JSON syntax. Make sure you're using valid JSON tokens like {}, [], strings, numbers, true/false, or null.
───╯
