---
source: libs/@local/hashql/syntax-jexpr/src/lexer/mod.rs
description: String with ASCII control character
expression: "\"hello \u0007 world"
---
error[lexer::invalid-string]: Invalid string literal
  ╭▸ 
1 │ "hello ␇ world
  │         ━ Control character not allowed
  │
  ╰ help: ASCII control characters (0x00 to 0x1F) cannot be used in JSON strings unless escaped
