---
source: libs/@local/hashql/syntax-jexpr/src/lexer/mod.rs
description: Mix of single and multi-byte characters
expression: あa三b
---
error[lexer::invalid-character]: Invalid character
  ╭▸ 
1 │ あa三b
  │ ━━ Unrecognized character
  │
  ╰ help: J-Expr only supports standard JSON syntax. Make sure you're using valid JSON tokens like {}, [], strings, numbers, true/false, or null.
