---
source: libs/@local/hashql/syntax-jexpr/src/lexer/mod.rs
description: Newline character inside quotes
expression: "\"\nhello\""
---
error[lexer::invalid-string]: Invalid string literal
  ╭▸ 
2 │ hello"
  │ ━ Control character not allowed
  │
  ╰ help: ASCII control characters (0x00 to 0x1F) cannot be used in JSON strings unless escaped
