---
source: libs/@local/graph/atlas/src/serve/hydrate/statements.rs
expression: detail.compile().0
---
SELECT "entity_temporal_metadata_0_0_0"."web_id", "entity_temporal_metadata_0_0_0"."entity_uuid", "entity_edition_cache_1_1_0"."versioned_urls", "entity_edition_cache_1_1_0"."direct_types", (SELECT jsonb_object_agg("scalar_property"."key", "scalar_property"."value")
FROM jsonb_each(("entity_editions_1_1_0"."properties" - (CASE WHEN ("entity_temporal_metadata_0_0_0"."entity_uuid" != $7) AND ("entity_edition_cache_1_1_0"."base_urls" @> ARRAY[$8]::text[]) THEN ARRAY[$9]::text[] ELSE ARRAY[]::text[] END))) AS "scalar_property"("key", "value")
WHERE jsonb_typeof("scalar_property"."value") = ANY(($6::text[]))), ((SELECT count(*)
FROM jsonb_each(("entity_editions_1_1_0"."properties" - (CASE WHEN ("entity_temporal_metadata_0_0_0"."entity_uuid" != $7) AND ("entity_edition_cache_1_1_0"."base_urls" @> ARRAY[$8]::text[]) THEN ARRAY[$9]::text[] ELSE ARRAY[]::text[] END))) AS "scalar_property"("key", "value"))::int4), ("entity_edition_cache_1_1_0"."label_properties")[1]
FROM "entity_temporal_metadata" AS "entity_temporal_metadata_0_0_0"
INNER JOIN "entity_editions" AS "entity_editions_0_1_0"
  ON "entity_editions_0_1_0"."entity_edition_id" = "entity_temporal_metadata_0_0_0"."entity_edition_id"
INNER JOIN "entity_edition_cache" AS "entity_edition_cache_1_1_0"
  ON "entity_edition_cache_1_1_0"."entity_edition_id" = "entity_temporal_metadata_0_0_0"."entity_edition_id"
INNER JOIN "entity_editions" AS "entity_editions_1_1_0"
  ON "entity_editions_1_1_0"."entity_edition_id" = "entity_temporal_metadata_0_0_0"."entity_edition_id"
WHERE ("entity_temporal_metadata_0_0_0"."draft_id" IS NULL) AND ("entity_temporal_metadata_0_0_0"."transaction_time" @> $1::TIMESTAMPTZ) AND ("entity_temporal_metadata_0_0_0"."decision_time" && $2) AND (("entity_temporal_metadata_0_0_0"."web_id" = $3) AND ("entity_temporal_metadata_0_0_0"."entity_uuid" = $4) AND ("entity_editions_0_1_0"."archived" = $5))
