━━━━━━━━━━━━━━━━━━━━━━━━━━━━━━━━━━━━━━━
🎯 SKILL ACTIVATION CHECK
━━━━━━━━━━━━━━━━━━━━━━━━━━━━━━━━━━━━━━━

📚 RECOMMENDED SKILLS:
  → documenting-rust-code
    Rust documentation practices for HASH codebase following rustdoc conventions
  → managing-git-workflow
    Git workflow for HASH including branch naming, PR creation, and PR reviews

ACTION: Use Skill tool BEFORE responding
━━━━━━━━━━━━━━━━━━━━━━━━━━━━━━━━━━━━━━━━

