━━━━━━━━━━━━━━━━━━━━━━━━━━━━━━━━━━━━━━━
🎯 SKILL ACTIVATION CHECK
━━━━━━━━━━━━━━━━━━━━━━━━━━━━━━━━━━━━━━━

📚 RECOMMENDED SKILLS:
  → writing-skills
    Meta-skill for creating and managing Claude Code skills in HASH repository

ACTION: Use Skill tool BEFORE responding
━━━━━━━━━━━━━━━━━━━━━━━━━━━━━━━━━━━━━━━━

