---
source: libs/@local/hashql/mir/src/pass/transform/dle/tests.rs
expression: value
---
fn {closure@4294967040}() -> Integer {
    let %0: Integer
    let %1: Integer

    bb0(): {
        %0 = 1
        %1 = %0

        return %1
    }
}

================== Changed: No ===================

fn {closure@4294967040}() -> Integer {
    let %0: Integer
    let %1: Integer

    bb0(): {
        %0 = 1
        %1 = %0

        return %1
    }
}
