---
source: libs/@local/hashql/mir/src/pass/transform/dle/tests.rs
expression: value
---
fn {intrinsic#4294967040}() -> Integer {
    let %0: Integer
    let %1: Integer
    let %2: Integer
    let %3: Integer
    let %4: Integer

    bb0(): {
        %0 = 1
        %2 = %0
        %4 = %2

        return %4
    }
}

================== Changed: Yes ==================

fn {intrinsic#4294967040}() -> Integer {
    let %0: Integer
    let %1: Integer
    let %2: Integer

    bb0(): {
        %0 = 1
        %1 = %0
        %2 = %1

        return %2
    }
}
