---
source: libs/@local/hashql/mir/src/pass/transform/dle/tests.rs
expression: value
---
fn {intrinsic#4294967040}() -> Integer {
    let %0: Integer
    let %1: Integer

    bb0(): {
        %0 = 1

        return %0
    }
}

------------------------------------

fn {intrinsic#4294967040}() -> Integer {
    let %0: Integer

    bb0(): {
        %0 = 1

        return %0
    }
}
