---
source: libs/@local/hashql/mir/src/pass/execution/statement_placement/tests.rs
expression: output
---
fn {graph::read::filter@4294967040}(%0: (), %1: Entity) -> Boolean {
    let %2: Boolean
    let %3: Boolean

    bb0(): {
        %3 = %1.metadata.archived                                               // cost: 12
        %2 = !%3                                                                // cost: 8

        return %2
    }
}

=================== Traversals ===================

Traversals:
