---
source: libs/@local/codegen/tests/full-exports/main.rs
expression: generator.write()
---
export type EntityUuid = string;
export type Principal = {
	principalType: "actor"
} & Actor | {
	principalType: "actorGroup"
} & ActorGroup | {
	principalType: "role"
} & Role;
export type Actor = {
	actorType: "user"
} & User | {
	actorType: "machine"
} & Machine | {
	actorType: "ai"
} & Ai;
export type ActorEntityUuid = EntityUuid;
export interface Ai {
	id: AiId;
	identifier: string;
	roles: RoleId[];
}
export type AiId = ActorEntityUuid;
export interface Machine {
	id: MachineId;
	identifier: string;
	roles: RoleId[];
}
export type MachineId = ActorEntityUuid;
export interface User {
	id: UserId;
	roles: RoleId[];
}
export type UserId = ActorEntityUuid;
export type ActorGroup = {
	actorGroupType: "web"
} & Web | {
	actorGroupType: "team"
} & Team;
export type ActorGroupEntityUuid = EntityUuid;
export type ActorGroupId = {
	actorGroupType: "web"
	id: WebId
} | {
	actorGroupType: "team"
	id: TeamId
};
export interface Team {
	id: TeamId;
	parentId: ActorGroupId;
	name: string;
	roles: TeamRoleId[];
}
export type TeamId = ActorGroupEntityUuid;
export interface Web {
	id: WebId;
	shortname: (string | undefined);
	roles: WebRoleId[];
}
export type WebId = ActorGroupEntityUuid;
export type Role = {
	roleType: "web"
} & WebRole | {
	roleType: "team"
} & TeamRole;
export type RoleId = {
	roleType: "web"
	id: WebRoleId
} | {
	roleType: "team"
	id: TeamRoleId
};
export type RoleName = "administrator" | "member";
export interface TeamRole {
	id: TeamRoleId;
	teamId: TeamId;
	name: RoleName;
}
export type TeamRoleId = string;
export interface WebRole {
	id: WebRoleId;
	webId: WebId;
	name: RoleName;
}
export type WebRoleId = string;
