---
source: libs/@local/hashql/mir/src/pass/analysis/data_dependency/tests.rs
expression: "format!(\"{graph}\\n\\n=====\\n\\n{transient}\")"
---
%2 -> %0 [Index(FieldIndex(0)), projections: .0]
%2 -> %1 [Index(FieldIndex(1))]
%3 -> %2 [Load, projections: .0.1]


=====

%2 -> %0 [Index(FieldIndex(0)), projections: .0]
%2 -> %1 [Index(FieldIndex(1))]
%3 -> %0 [Load, projections: .0.1]
