---
source: libs/@local/hql/syntax-jexpr/src/parser/expr.rs
expression: "{\"type\": \"u32\", \"const\": 42, \"sig\": \"() -> Unit\"}"
---
[31m[jexpr::parse::object::unknown-key] Error:[0m Unknown Key
   ╭─[<unknown>:1:1]
   │
 1 │ {"type": "u32", "const": 42, "sig": "() -> Unit"}
   │                              ──┬──  
   │                                ╰──── Unknown key `sig`
   │ 
   │ Help: Expected const, or type
───╯
