---
source: libs/@local/hql/syntax-jexpr/src/parser/expr.rs
expression: "{}"
---
[31m[jexpr::parser::object::expected-non-empty::expected-non-empty::object::expected-non-empty::expected-non-empty] Error:[0m J-Expr Frontend
   ╭─[<unknown>:1:1]
   │
 1 │ {}
   │ ─┬  
   │  ╰── Expected a non-empty object
───╯
