---
source: libs/@local/hql/syntax-jexpr/src/parser/value.rs
expression: "{\"a\": 1, \"a\": b}"
---
[31m[jexpr::parse::object::duplicate-key] Error:[0m Duplicate Key
   ╭─[<unknown>:1:1]
   │
 1 │ {"a": 1, "a": b}
   │  ─┬─     ─┬─  
   │   │       ╰─── This is a duplicate
   │   │           
   │   ╰─────────── ... of this key
───╯
