---
source: libs/@local/hashql/mir/src/pass/execution/statement_placement/tests.rs
expression: output
---
fn {graph::read::filter@4294967040}(%0: (Integer,), %1: Entity) -> Boolean {
    let %2: Boolean
    let %3: Integer
    let %4: (Integer,)
    let %5: (Integer) -> Integer
    let %6: Integer
    let %7: Boolean

    bb0(): {
        %2 = 1                                                                  // cost: 4
        %3 = %0.0                                                               // cost: 4
        %4 = (%3)                                                               // cost: 4
        %5 = closure(({def@77} as FnPtr), %4)

        switchInt(%2) -> [0: bb2(), 1: bb1()]
    }

    bb1(): {
        %6 = 42                                                                 // cost: 4

        goto -> bb3(%6)
    }

    bb2(): {
        %6 = apply %5 1

        goto -> bb3(%6)
    }

    bb3(%6): {
        %7 = %6 == 0

        return %7
    }
}

=================== Traversals ===================

Traversals:
