---
source: libs/@local/hashql/mir/src/pass/execution/statement_placement/tests.rs
expression: output
---
fn {graph::read::filter@4294967040}(%0: (Dict<String, Integer>, (a: Integer)), %1: Entity) -> Boolean {
    let %2: Dict<String, Integer>
    let %3: (a: Integer)
    let %4: Boolean

    bb0(): {
        %2 = %0.0                                                               // cost: 4
        %3 = %0.1                                                               // cost: 4
        %4 = %2 == %3

        return %4
    }
}

=================== Traversals ===================

Traversals:
