---
source: libs/@local/hashql/mir/src/pass/transform/administrative_reduction/tests.rs
expression: value
---
fn {intrinsic#4294967040}() -> Integer {
    let %0: Integer

    bb0(): {
        %0 = 1

        return %0
    }
}

fn {intrinsic#4294967040}() -> Integer {
    let %0: Integer

    bb0(): {
        %0 = 2

        return %0
    }
}

fn {intrinsic#4294967040}() -> Integer {
    let %0: Integer
    let %1: Integer

    bb0(): {
        %0 = apply ({def@0} as FnPtr)
        %1 = apply ({def@1} as FnPtr)

        return %1
    }
}

================== Changed: Yes ==================

fn {intrinsic#4294967040}() -> Integer {
    let %0: Integer

    bb0(): {
        %0 = 1

        return %0
    }
}

fn {intrinsic#4294967040}() -> Integer {
    let %0: Integer

    bb0(): {
        %0 = 2

        return %0
    }
}

fn {intrinsic#4294967040}() -> Integer {
    let %0: Integer
    let %1: Integer
    let %2: Integer
    let %3: Integer

    bb0(): {
        %2 = 1
        %0 = %2
        %3 = 2
        %1 = %3

        return %1
    }
}
