---
source: libs/@local/hql/cst/src/expr.rs
expression: result
---
Ok(
    Call(
        Call {
            fn: Path(
                Path(
                    [
                        Symbol(
                            "func",
                        ),
                    ],
                ),
            ),
            args: [
                Path(
                    Path(
                        [
                            Symbol(
                                "arg1",
                            ),
                        ],
                    ),
                ),
                Path(
                    Path(
                        [
                            Symbol(
                                "arg2",
                            ),
                        ],
                    ),
                ),
            ],
        },
    ),
)
