---
source: libs/@local/hql/cst/src/expr.rs
expression: "Expr::from_str(&arena, r#\"[\"func\"]\"#)"
---
Ok(
    Call(
        Call {
            fn: Path(
                Path(
                    [
                        Symbol(
                            "func",
                        ),
                    ],
                ),
            ),
            args: [],
        },
    ),
)
