---
source: libs/@local/hql/cst/src/expr.rs
expression: "Expr::from_str(&arena, r#\"\"foo::bar\"\"#)"
---
Ok(
    Path(
        Path(
            [
                Symbol(
                    "foo",
                ),
                Symbol(
                    "bar",
                ),
            ],
        ),
    ),
)
