---
source: libs/@local/hashql/syntax-jexpr/src/lib.rs
description: End-to-end test of handling unexpected EOF
expression: error
---
error[jexpr::lexer::unexpected-eof]: Unexpected end of file
  ╭▸ 
1 │ ["incomplete"
  │              ━ Unexpected end of file
  │
  ╰ help: Missing closing bracket. Make sure all opening brackets have matching closing brackets.
