---
source: libs/@local/hashql/syntax-jexpr/src/lib.rs
description: End-to-end test of error handling with invalid JSON
expression: error
---
[31m[jexpr::lexer::invalid-character] Error:[0m Invalid character
   ╭─[ <unknown>:1:2 ]
   │
 1 │ {invalid
   │  ┬  
   │  ╰── Unrecognized character
   │ 
   │ Help: J-Expr only supports standard JSON syntax. Make sure you're using valid JSON tokens like {}, [], strings, numbers, true/false, or null.
───╯
