---
source: libs/@local/hashql/mir/src/pass/execution/tests.rs
expression: output
---
Assignment:
  bb0: postgres
  bb1: embedding
  bb2: interpreter

Islands:
  0: target=postgres, blocks=[BasicBlockId(0)]
  1: target=embedding, blocks=[BasicBlockId(1)]
  2: target=interpreter, blocks=[BasicBlockId(2)]
