---
source: libs/@local/hashql/core/src/type/kind/generic/apply.rs
expression: "strip_str(&env.r#type(result_id).pretty_print(&env, 80))"
---
<T?2>(b:
 <U?3>(a:
  <T?4>(b:
   <U?3>(a:
    <T?4>(b:
     <U?3>(a:
      <T?4>(b:
       <U?3>(a:
        <T?4>(b:
         <U?3>(a:
          <T?4>(b:
           <U?3>(a:
            <T?4>(b:
             <U?3>(a:
              <T?4>(b:
               <U?3>(a:
                <T?4>(b:
                 <U?3>(a:
                  <T?4>(b:
                   <U?3>(a: <T?4>(b: <U?3>(a: ...) where<?3 = ?2>))
                    where<?3 = ?2>)) where<?3 = ?2>)) where<?3 = ?2>))
              where<?3 = ?2>)) where<?3 = ?2>)) where<?3 = ?2>))
        where<?3 = ?2>)) where<?3 = ?2>)) where<?3 = ?2>)) where<?3 = ?2>)
