---
source: libs/@local/hashql/core/src/type/kind/generic/apply.rs
expression: "strip_str(&env.r#type(result_id).pretty_print(&env, 80))"
---
(foo:
 (foo:
  (foo:
   (foo:
    (foo:
     (foo:
      (foo:
       (foo:
        (foo:
         (foo:
          (foo:
           (foo:
            (foo: (foo: (foo: (foo: ... where<>) where<>) where<>) where<>)
             where<>) where<>) where<>) where<>) where<>) where<>) where<>)
      where<>) where<>) where<>) where<>) where<>) where<>
