---
source: libs/@local/hashql/core/src/type/kind/generic/apply.rs
expression: "strip_str(&env.r#type(result_id).pretty_print(&env, PrettyOptions\n{\n    recursion_strategy: PrettyRecursionGuardStrategy::DepthCounting,\n    ..PrettyOptions::default()\n}))"
---
<T?2>(b: 
 <U?3>(a: 
  <T?4>(b: 
   <U?3>(a: 
    <T?4>(b: 
     <U?3>(a: 
      <T?4>(b: 
       <U?3>(a: 
        <T?4>(b: 
         <U?3>(a: 
          <T?4>(b: 
           <U?3>(a: 
            <T?4>(b: 
             <U?3>(a: 
              <T?4>(b: <U?3>(a: ... where<?4 = ...>, b: ?3) where<?3 = ?2>)
              where<?4 = ?3>, b: ?3) where<?3 = ?2>) where<?4 = ?3>, b: ?3)
           where<?3 = ?2>) where<?4 = ?3>, b: ?3) where<?3 = ?2>) where<?4 =
         ?3>, b: ?3) where<?3 = ?2>) where<?4 = ?3>, b: ?3) where<?3 = ?2>)
    where<?4 = ?3>, b: ?3) where<?3 = ?2>) where<?4 = ?3>, b: ?3) where<?3 =
  ?2>)
