---
source: libs/@local/hashql/core/src/type/kind/generic/apply.rs
expression: "strip_str(&env.r#type(result_id).pretty_print(&env, PrettyOptions\n{\n    recursion_strategy: PrettyRecursionGuardStrategy::DepthCounting,\n    ..PrettyOptions::default()\n}))"
---
<U?2>(bar: 
 <T?3>(foo: ?3) where<?3 = 
   <U?2>(bar: 
    <T?3>(foo: ?3) where<?3 = 
      <U?2>(bar: 
       <T?3>(foo: ?3) where<?3 = 
         <U?2>(bar: 
          <T?3>(foo: ?3) where<?3 = 
            <U?2>(bar: 
             <T?3>(foo: ?3) where<?3 = 
               <U?2>(bar: 
                <T?3>(foo: ?3) where<?3 = 
                  <U?2>(bar: 
                   <T?3>(foo: ?3) where<?3 = 
                     <U?2>(bar: 
                      <T?3>(foo: ?3) where<?3 = 
                        <U?2>(bar: 
                         <T?3>(foo: ?3) where<?3 = 
                           <U?2>(bar: 
                            <T?3>(foo: ?3) where<?3 = 
                              <U?2>(bar: 
                               <T?3>(foo: ?3) where<?3 = 
                                 <U?2>(bar: 
                                  <T?3>(foo: ?3) where<?3 = 
                                    <U?2>(bar: 
                                     <T?3>(foo: ?3) where<?3 = 
                                       <U?2>(bar: 
                                        <T?3>(foo: ?3) where<?3 = 
                                          <U?2>(bar: 
                                           <T?3>(foo: ?3) where<?3 = 
                                             <U?2>(bar: ... where<?3 =
                                                ...>)>)>)>)>)>)>)>)>)>)>)>)>)>)>)>)
