<b>invalid input parameter</b>
├╴at <i>libs/error-stack/src/fmt/hook.rs:25:14</i>
├╴backtrace (1)
├╴error 404
╰╴error 405

━━━━━━━━━━━━━━━━━━━━━━━━━━━━━━━━━━━━━━━━

backtrace no. 1
  [redacted]

error 404:
  not found - server cannot find requested resource

error 405:
  bad request - server cannot or will not process request