---
source: tests/test_serialize.rs
expression: report
---
[
  {
    "context": "context A",
    "attachments": [
      {
        "file": "tests/common/snapshots.rs",
        "line": 219,
        "column": 10
      },
      "2",
      "1"
    ],
    "sources": [
      {
        "context": "context A",
        "attachments": [
          {
            "file": "tests/common/snapshots.rs",
            "line": 213,
            "column": 10
          },
          "4",
          "3"
        ],
        "sources": [
          {
            "context": "root error",
            "attachments": [
              {
                "file": "tests/common/mod.rs",
                "line": 4,
                "column": 5
              },
              [
                "   0: std::backtrace_rs::backtrace::libunwind::trace",
                "             at /rustc/7632db0e87d8adccc9a83a47795c9411b1455855/library/std/src/../../backtrace/src/backtrace/libunwind.rs:93:5",
                "   1: std::backtrace_rs::backtrace::trace_unsynchronized",
                "             at /rustc/7632db0e87d8adccc9a83a47795c9411b1455855/library/std/src/../../backtrace/src/backtrace/mod.rs:66:5",
                "   2: std::backtrace::Backtrace::create",
                "             at /rustc/7632db0e87d8adccc9a83a47795c9411b1455855/library/std/src/backtrace.rs:332:13",
                "   3: core::ops::function::FnOnce::call_once",
                "             at /rustc/7632db0e87d8adccc9a83a47795c9411b1455855/library/core/src/ops/function.rs:507:5",
                "   4: core::bool::<impl bool>::then",
                "             at /rustc/7632db0e87d8adccc9a83a47795c9411b1455855/library/core/src/bool.rs:71:24",
                "   5: error_stack::report::Report<C>::from_frame",
                "             at ./src/report.rs:288:25",
                "   6: error_stack::report::Report<C>::new",
                "             at ./src/report.rs:274:9",
                "   7: test_serialize::common::create_report",
                "             at ./tests/common/mod.rs:4:5",
                "   8: test_serialize::common::snapshots::create_sources_nested",
                "             at ./tests/common/snapshots.rs:211:18",
                "   9: test_serialize::sources_nested",
                "             at ./tests/test_serialize.rs:26:18",
                "  10: test_serialize::sources_nested::{{closure}}",
                "             at ./tests/test_serialize.rs:23:21",
                "  11: core::ops::function::FnOnce::call_once",
                "             at /rustc/7632db0e87d8adccc9a83a47795c9411b1455855/library/core/src/ops/function.rs:507:5",
                "  12: core::ops::function::FnOnce::call_once",
                "             at /rustc/7632db0e87d8adccc9a83a47795c9411b1455855/library/core/src/ops/function.rs:507:5",
                "  13: test::__rust_begin_short_backtrace",
                "             at /rustc/7632db0e87d8adccc9a83a47795c9411b1455855/library/test/src/lib.rs:657:18",
                "  14: <alloc::boxed::Box<F,A> as core::ops::function::FnOnce<Args>>::call_once",
                "             at /rustc/7632db0e87d8adccc9a83a47795c9411b1455855/library/alloc/src/boxed.rs:2000:9",
                "  15: <core::panic::unwind_safe::AssertUnwindSafe<F> as core::ops::function::FnOnce<()>>::call_once",
                "             at /rustc/7632db0e87d8adccc9a83a47795c9411b1455855/library/core/src/panic/unwind_safe.rs:271:9",
                "  16: std::panicking::try::do_call",
                "             at /rustc/7632db0e87d8adccc9a83a47795c9411b1455855/library/std/src/panicking.rs:483:40",
                "  17: std::panicking::try",
                "             at /rustc/7632db0e87d8adccc9a83a47795c9411b1455855/library/std/src/panicking.rs:447:19",
                "  18: std::panic::catch_unwind",
                "             at /rustc/7632db0e87d8adccc9a83a47795c9411b1455855/library/std/src/panic.rs:137:14",
                "  19: test::run_test_in_process",
                "             at /rustc/7632db0e87d8adccc9a83a47795c9411b1455855/library/test/src/lib.rs:680:27",
                "  20: test::run_test::run_test_inner::{{closure}}",
                "             at /rustc/7632db0e87d8adccc9a83a47795c9411b1455855/library/test/src/lib.rs:574:39",
                "  21: test::run_test::run_test_inner::{{closure}}",
                "             at /rustc/7632db0e87d8adccc9a83a47795c9411b1455855/library/test/src/lib.rs:601:37",
                "  22: std::sys_common::backtrace::__rust_begin_short_backtrace",
                "             at /rustc/7632db0e87d8adccc9a83a47795c9411b1455855/library/std/src/sys_common/backtrace.rs:121:18",
                "  23: std::thread::Builder::spawn_unchecked_::{{closure}}::{{closure}}",
                "             at /rustc/7632db0e87d8adccc9a83a47795c9411b1455855/library/std/src/thread/mod.rs:550:17",
                "  24: <core::panic::unwind_safe::AssertUnwindSafe<F> as core::ops::function::FnOnce<()>>::call_once",
                "             at /rustc/7632db0e87d8adccc9a83a47795c9411b1455855/library/core/src/panic/unwind_safe.rs:271:9",
                "  25: std::panicking::try::do_call",
                "             at /rustc/7632db0e87d8adccc9a83a47795c9411b1455855/library/std/src/panicking.rs:483:40",
                "  26: std::panicking::try",
                "             at /rustc/7632db0e87d8adccc9a83a47795c9411b1455855/library/std/src/panicking.rs:447:19",
                "  27: std::panic::catch_unwind",
                "             at /rustc/7632db0e87d8adccc9a83a47795c9411b1455855/library/std/src/panic.rs:137:14",
                "  28: std::thread::Builder::spawn_unchecked_::{{closure}}",
                "             at /rustc/7632db0e87d8adccc9a83a47795c9411b1455855/library/std/src/thread/mod.rs:549:30",
                "  29: core::ops::function::FnOnce::call_once{{vtable.shim}}",
                "             at /rustc/7632db0e87d8adccc9a83a47795c9411b1455855/library/core/src/ops/function.rs:507:5",
                "  30: <alloc::boxed::Box<F,A> as core::ops::function::FnOnce<Args>>::call_once",
                "             at /rustc/7632db0e87d8adccc9a83a47795c9411b1455855/library/alloc/src/boxed.rs:2000:9",
                "  31: <alloc::boxed::Box<F,A> as core::ops::function::FnOnce<Args>>::call_once",
                "             at /rustc/7632db0e87d8adccc9a83a47795c9411b1455855/library/alloc/src/boxed.rs:2000:9",
                "  32: std::sys::unix::thread::Thread::new::thread_start",
                "             at /rustc/7632db0e87d8adccc9a83a47795c9411b1455855/library/std/src/sys/unix/thread.rs:108:17",
                "  33: __pthread_deallocate"
              ],
              "6"
            ],
            "sources": []
          }
        ]
      },
      {
        "context": "context A",
        "attachments": [
          {
            "file": "tests/common/snapshots.rs",
            "line": 208,
            "column": 10
          },
          "5",
          "3"
        ],
        "sources": [
          {
            "context": "context A",
            "attachments": [
              {
                "file": "tests/common/snapshots.rs",
                "line": 206,
                "column": 10
              },
              "7"
            ],
            "sources": [
              {
                "context": "context A",
                "attachments": [
                  {
                    "file": "tests/common/snapshots.rs",
                    "line": 197,
                    "column": 34
                  },
                  "9",
                  "8"
                ],
                "sources": [
                  {
                    "context": "root error",
                    "attachments": [
                      {
                        "file": "tests/common/mod.rs",
                        "line": 4,
                        "column": 5
                      },
                      [
                        "   0: std::backtrace_rs::backtrace::libunwind::trace",
                        "             at /rustc/7632db0e87d8adccc9a83a47795c9411b1455855/library/std/src/../../backtrace/src/backtrace/libunwind.rs:93:5",
                        "   1: std::backtrace_rs::backtrace::trace_unsynchronized",
                        "             at /rustc/7632db0e87d8adccc9a83a47795c9411b1455855/library/std/src/../../backtrace/src/backtrace/mod.rs:66:5",
                        "   2: std::backtrace::Backtrace::create",
                        "             at /rustc/7632db0e87d8adccc9a83a47795c9411b1455855/library/std/src/backtrace.rs:332:13",
                        "   3: core::ops::function::FnOnce::call_once",
                        "             at /rustc/7632db0e87d8adccc9a83a47795c9411b1455855/library/core/src/ops/function.rs:507:5",
                        "   4: core::bool::<impl bool>::then",
                        "             at /rustc/7632db0e87d8adccc9a83a47795c9411b1455855/library/core/src/bool.rs:71:24",
                        "   5: error_stack::report::Report<C>::from_frame",
                        "             at ./src/report.rs:288:25",
                        "   6: error_stack::report::Report<C>::new",
                        "             at ./src/report.rs:274:9",
                        "   7: test_serialize::common::create_report",
                        "             at ./tests/common/mod.rs:4:5",
                        "   8: test_serialize::common::snapshots::create_sources_nested",
                        "             at ./tests/common/snapshots.rs:197:18",
                        "   9: test_serialize::sources_nested",
                        "             at ./tests/test_serialize.rs:26:18",
                        "  10: test_serialize::sources_nested::{{closure}}",
                        "             at ./tests/test_serialize.rs:23:21",
                        "  11: core::ops::function::FnOnce::call_once",
                        "             at /rustc/7632db0e87d8adccc9a83a47795c9411b1455855/library/core/src/ops/function.rs:507:5",
                        "  12: core::ops::function::FnOnce::call_once",
                        "             at /rustc/7632db0e87d8adccc9a83a47795c9411b1455855/library/core/src/ops/function.rs:507:5",
                        "  13: test::__rust_begin_short_backtrace",
                        "             at /rustc/7632db0e87d8adccc9a83a47795c9411b1455855/library/test/src/lib.rs:657:18",
                        "  14: <alloc::boxed::Box<F,A> as core::ops::function::FnOnce<Args>>::call_once",
                        "             at /rustc/7632db0e87d8adccc9a83a47795c9411b1455855/library/alloc/src/boxed.rs:2000:9",
                        "  15: <core::panic::unwind_safe::AssertUnwindSafe<F> as core::ops::function::FnOnce<()>>::call_once",
                        "             at /rustc/7632db0e87d8adccc9a83a47795c9411b1455855/library/core/src/panic/unwind_safe.rs:271:9",
                        "  16: std::panicking::try::do_call",
                        "             at /rustc/7632db0e87d8adccc9a83a47795c9411b1455855/library/std/src/panicking.rs:483:40",
                        "  17: std::panicking::try",
                        "             at /rustc/7632db0e87d8adccc9a83a47795c9411b1455855/library/std/src/panicking.rs:447:19",
                        "  18: std::panic::catch_unwind",
                        "             at /rustc/7632db0e87d8adccc9a83a47795c9411b1455855/library/std/src/panic.rs:137:14",
                        "  19: test::run_test_in_process",
                        "             at /rustc/7632db0e87d8adccc9a83a47795c9411b1455855/library/test/src/lib.rs:680:27",
                        "  20: test::run_test::run_test_inner::{{closure}}",
                        "             at /rustc/7632db0e87d8adccc9a83a47795c9411b1455855/library/test/src/lib.rs:574:39",
                        "  21: test::run_test::run_test_inner::{{closure}}",
                        "             at /rustc/7632db0e87d8adccc9a83a47795c9411b1455855/library/test/src/lib.rs:601:37",
                        "  22: std::sys_common::backtrace::__rust_begin_short_backtrace",
                        "             at /rustc/7632db0e87d8adccc9a83a47795c9411b1455855/library/std/src/sys_common/backtrace.rs:121:18",
                        "  23: std::thread::Builder::spawn_unchecked_::{{closure}}::{{closure}}",
                        "             at /rustc/7632db0e87d8adccc9a83a47795c9411b1455855/library/std/src/thread/mod.rs:550:17",
                        "  24: <core::panic::unwind_safe::AssertUnwindSafe<F> as core::ops::function::FnOnce<()>>::call_once",
                        "             at /rustc/7632db0e87d8adccc9a83a47795c9411b1455855/library/core/src/panic/unwind_safe.rs:271:9",
                        "  25: std::panicking::try::do_call",
                        "             at /rustc/7632db0e87d8adccc9a83a47795c9411b1455855/library/std/src/panicking.rs:483:40",
                        "  26: std::panicking::try",
                        "             at /rustc/7632db0e87d8adccc9a83a47795c9411b1455855/library/std/src/panicking.rs:447:19",
                        "  27: std::panic::catch_unwind",
                        "             at /rustc/7632db0e87d8adccc9a83a47795c9411b1455855/library/std/src/panic.rs:137:14",
                        "  28: std::thread::Builder::spawn_unchecked_::{{closure}}",
                        "             at /rustc/7632db0e87d8adccc9a83a47795c9411b1455855/library/std/src/thread/mod.rs:549:30",
                        "  29: core::ops::function::FnOnce::call_once{{vtable.shim}}",
                        "             at /rustc/7632db0e87d8adccc9a83a47795c9411b1455855/library/core/src/ops/function.rs:507:5",
                        "  30: <alloc::boxed::Box<F,A> as core::ops::function::FnOnce<Args>>::call_once",
                        "             at /rustc/7632db0e87d8adccc9a83a47795c9411b1455855/library/alloc/src/boxed.rs:2000:9",
                        "  31: <alloc::boxed::Box<F,A> as core::ops::function::FnOnce<Args>>::call_once",
                        "             at /rustc/7632db0e87d8adccc9a83a47795c9411b1455855/library/alloc/src/boxed.rs:2000:9",
                        "  32: std::sys::unix::thread::Thread::new::thread_start",
                        "             at /rustc/7632db0e87d8adccc9a83a47795c9411b1455855/library/std/src/sys/unix/thread.rs:108:17",
                        "  33: __pthread_deallocate"
                      ]
                    ],
                    "sources": []
                  }
                ]
              },
              {
                "context": "context A",
                "attachments": [
                  {
                    "file": "tests/common/snapshots.rs",
                    "line": 191,
                    "column": 10
                  },
                  "13",
                  "10",
                  "16",
                  "9",
                  "8"
                ],
                "sources": [
                  {
                    "context": "root error",
                    "attachments": [
                      {
                        "file": "tests/common/mod.rs",
                        "line": 4,
                        "column": 5
                      },
                      [
                        "   0: std::backtrace_rs::backtrace::libunwind::trace",
                        "             at /rustc/7632db0e87d8adccc9a83a47795c9411b1455855/library/std/src/../../backtrace/src/backtrace/libunwind.rs:93:5",
                        "   1: std::backtrace_rs::backtrace::trace_unsynchronized",
                        "             at /rustc/7632db0e87d8adccc9a83a47795c9411b1455855/library/std/src/../../backtrace/src/backtrace/mod.rs:66:5",
                        "   2: std::backtrace::Backtrace::create",
                        "             at /rustc/7632db0e87d8adccc9a83a47795c9411b1455855/library/std/src/backtrace.rs:332:13",
                        "   3: core::ops::function::FnOnce::call_once",
                        "             at /rustc/7632db0e87d8adccc9a83a47795c9411b1455855/library/core/src/ops/function.rs:507:5",
                        "   4: core::bool::<impl bool>::then",
                        "             at /rustc/7632db0e87d8adccc9a83a47795c9411b1455855/library/core/src/bool.rs:71:24",
                        "   5: error_stack::report::Report<C>::from_frame",
                        "             at ./src/report.rs:288:25",
                        "   6: error_stack::report::Report<C>::new",
                        "             at ./src/report.rs:274:9",
                        "   7: test_serialize::common::create_report",
                        "             at ./tests/common/mod.rs:4:5",
                        "   8: test_serialize::common::snapshots::create_sources_nested",
                        "             at ./tests/common/snapshots.rs:190:18",
                        "   9: test_serialize::sources_nested",
                        "             at ./tests/test_serialize.rs:26:18",
                        "  10: test_serialize::sources_nested::{{closure}}",
                        "             at ./tests/test_serialize.rs:23:21",
                        "  11: core::ops::function::FnOnce::call_once",
                        "             at /rustc/7632db0e87d8adccc9a83a47795c9411b1455855/library/core/src/ops/function.rs:507:5",
                        "  12: core::ops::function::FnOnce::call_once",
                        "             at /rustc/7632db0e87d8adccc9a83a47795c9411b1455855/library/core/src/ops/function.rs:507:5",
                        "  13: test::__rust_begin_short_backtrace",
                        "             at /rustc/7632db0e87d8adccc9a83a47795c9411b1455855/library/test/src/lib.rs:657:18",
                        "  14: <alloc::boxed::Box<F,A> as core::ops::function::FnOnce<Args>>::call_once",
                        "             at /rustc/7632db0e87d8adccc9a83a47795c9411b1455855/library/alloc/src/boxed.rs:2000:9",
                        "  15: <core::panic::unwind_safe::AssertUnwindSafe<F> as core::ops::function::FnOnce<()>>::call_once",
                        "             at /rustc/7632db0e87d8adccc9a83a47795c9411b1455855/library/core/src/panic/unwind_safe.rs:271:9",
                        "  16: std::panicking::try::do_call",
                        "             at /rustc/7632db0e87d8adccc9a83a47795c9411b1455855/library/std/src/panicking.rs:483:40",
                        "  17: std::panicking::try",
                        "             at /rustc/7632db0e87d8adccc9a83a47795c9411b1455855/library/std/src/panicking.rs:447:19",
                        "  18: std::panic::catch_unwind",
                        "             at /rustc/7632db0e87d8adccc9a83a47795c9411b1455855/library/std/src/panic.rs:137:14",
                        "  19: test::run_test_in_process",
                        "             at /rustc/7632db0e87d8adccc9a83a47795c9411b1455855/library/test/src/lib.rs:680:27",
                        "  20: test::run_test::run_test_inner::{{closure}}",
                        "             at /rustc/7632db0e87d8adccc9a83a47795c9411b1455855/library/test/src/lib.rs:574:39",
                        "  21: test::run_test::run_test_inner::{{closure}}",
                        "             at /rustc/7632db0e87d8adccc9a83a47795c9411b1455855/library/test/src/lib.rs:601:37",
                        "  22: std::sys_common::backtrace::__rust_begin_short_backtrace",
                        "             at /rustc/7632db0e87d8adccc9a83a47795c9411b1455855/library/std/src/sys_common/backtrace.rs:121:18",
                        "  23: std::thread::Builder::spawn_unchecked_::{{closure}}::{{closure}}",
                        "             at /rustc/7632db0e87d8adccc9a83a47795c9411b1455855/library/std/src/thread/mod.rs:550:17",
                        "  24: <core::panic::unwind_safe::AssertUnwindSafe<F> as core::ops::function::FnOnce<()>>::call_once",
                        "             at /rustc/7632db0e87d8adccc9a83a47795c9411b1455855/library/core/src/panic/unwind_safe.rs:271:9",
                        "  25: std::panicking::try::do_call",
                        "             at /rustc/7632db0e87d8adccc9a83a47795c9411b1455855/library/std/src/panicking.rs:483:40",
                        "  26: std::panicking::try",
                        "             at /rustc/7632db0e87d8adccc9a83a47795c9411b1455855/library/std/src/panicking.rs:447:19",
                        "  27: std::panic::catch_unwind",
                        "             at /rustc/7632db0e87d8adccc9a83a47795c9411b1455855/library/std/src/panic.rs:137:14",
                        "  28: std::thread::Builder::spawn_unchecked_::{{closure}}",
                        "             at /rustc/7632db0e87d8adccc9a83a47795c9411b1455855/library/std/src/thread/mod.rs:549:30",
                        "  29: core::ops::function::FnOnce::call_once{{vtable.shim}}",
                        "             at /rustc/7632db0e87d8adccc9a83a47795c9411b1455855/library/core/src/ops/function.rs:507:5",
                        "  30: <alloc::boxed::Box<F,A> as core::ops::function::FnOnce<Args>>::call_once",
                        "             at /rustc/7632db0e87d8adccc9a83a47795c9411b1455855/library/alloc/src/boxed.rs:2000:9",
                        "  31: <alloc::boxed::Box<F,A> as core::ops::function::FnOnce<Args>>::call_once",
                        "             at /rustc/7632db0e87d8adccc9a83a47795c9411b1455855/library/alloc/src/boxed.rs:2000:9",
                        "  32: std::sys::unix::thread::Thread::new::thread_start",
                        "             at /rustc/7632db0e87d8adccc9a83a47795c9411b1455855/library/std/src/sys/unix/thread.rs:108:17",
                        "  33: __pthread_deallocate"
                      ]
                    ],
                    "sources": []
                  }
                ]
              },
              {
                "context": "context A",
                "attachments": [
                  {
                    "file": "tests/common/snapshots.rs",
                    "line": 177,
                    "column": 10
                  },
                  "15",
                  "14",
                  "10",
                  "16",
                  "9",
                  "8"
                ],
                "sources": [
                  {
                    "context": "root error",
                    "attachments": [
                      {
                        "file": "tests/common/mod.rs",
                        "line": 4,
                        "column": 5
                      },
                      [
                        "   0: std::backtrace_rs::backtrace::libunwind::trace",
                        "             at /rustc/7632db0e87d8adccc9a83a47795c9411b1455855/library/std/src/../../backtrace/src/backtrace/libunwind.rs:93:5",
                        "   1: std::backtrace_rs::backtrace::trace_unsynchronized",
                        "             at /rustc/7632db0e87d8adccc9a83a47795c9411b1455855/library/std/src/../../backtrace/src/backtrace/mod.rs:66:5",
                        "   2: std::backtrace::Backtrace::create",
                        "             at /rustc/7632db0e87d8adccc9a83a47795c9411b1455855/library/std/src/backtrace.rs:332:13",
                        "   3: core::ops::function::FnOnce::call_once",
                        "             at /rustc/7632db0e87d8adccc9a83a47795c9411b1455855/library/core/src/ops/function.rs:507:5",
                        "   4: core::bool::<impl bool>::then",
                        "             at /rustc/7632db0e87d8adccc9a83a47795c9411b1455855/library/core/src/bool.rs:71:24",
                        "   5: error_stack::report::Report<C>::from_frame",
                        "             at ./src/report.rs:288:25",
                        "   6: error_stack::report::Report<C>::new",
                        "             at ./src/report.rs:274:9",
                        "   7: test_serialize::common::create_report",
                        "             at ./tests/common/mod.rs:4:5",
                        "   8: test_serialize::common::snapshots::create_sources_nested",
                        "             at ./tests/common/snapshots.rs:176:14",
                        "   9: test_serialize::sources_nested",
                        "             at ./tests/test_serialize.rs:26:18",
                        "  10: test_serialize::sources_nested::{{closure}}",
                        "             at ./tests/test_serialize.rs:23:21",
                        "  11: core::ops::function::FnOnce::call_once",
                        "             at /rustc/7632db0e87d8adccc9a83a47795c9411b1455855/library/core/src/ops/function.rs:507:5",
                        "  12: core::ops::function::FnOnce::call_once",
                        "             at /rustc/7632db0e87d8adccc9a83a47795c9411b1455855/library/core/src/ops/function.rs:507:5",
                        "  13: test::__rust_begin_short_backtrace",
                        "             at /rustc/7632db0e87d8adccc9a83a47795c9411b1455855/library/test/src/lib.rs:657:18",
                        "  14: <alloc::boxed::Box<F,A> as core::ops::function::FnOnce<Args>>::call_once",
                        "             at /rustc/7632db0e87d8adccc9a83a47795c9411b1455855/library/alloc/src/boxed.rs:2000:9",
                        "  15: <core::panic::unwind_safe::AssertUnwindSafe<F> as core::ops::function::FnOnce<()>>::call_once",
                        "             at /rustc/7632db0e87d8adccc9a83a47795c9411b1455855/library/core/src/panic/unwind_safe.rs:271:9",
                        "  16: std::panicking::try::do_call",
                        "             at /rustc/7632db0e87d8adccc9a83a47795c9411b1455855/library/std/src/panicking.rs:483:40",
                        "  17: std::panicking::try",
                        "             at /rustc/7632db0e87d8adccc9a83a47795c9411b1455855/library/std/src/panicking.rs:447:19",
                        "  18: std::panic::catch_unwind",
                        "             at /rustc/7632db0e87d8adccc9a83a47795c9411b1455855/library/std/src/panic.rs:137:14",
                        "  19: test::run_test_in_process",
                        "             at /rustc/7632db0e87d8adccc9a83a47795c9411b1455855/library/test/src/lib.rs:680:27",
                        "  20: test::run_test::run_test_inner::{{closure}}",
                        "             at /rustc/7632db0e87d8adccc9a83a47795c9411b1455855/library/test/src/lib.rs:574:39",
                        "  21: test::run_test::run_test_inner::{{closure}}",
                        "             at /rustc/7632db0e87d8adccc9a83a47795c9411b1455855/library/test/src/lib.rs:601:37",
                        "  22: std::sys_common::backtrace::__rust_begin_short_backtrace",
                        "             at /rustc/7632db0e87d8adccc9a83a47795c9411b1455855/library/std/src/sys_common/backtrace.rs:121:18",
                        "  23: std::thread::Builder::spawn_unchecked_::{{closure}}::{{closure}}",
                        "             at /rustc/7632db0e87d8adccc9a83a47795c9411b1455855/library/std/src/thread/mod.rs:550:17",
                        "  24: <core::panic::unwind_safe::AssertUnwindSafe<F> as core::ops::function::FnOnce<()>>::call_once",
                        "             at /rustc/7632db0e87d8adccc9a83a47795c9411b1455855/library/core/src/panic/unwind_safe.rs:271:9",
                        "  25: std::panicking::try::do_call",
                        "             at /rustc/7632db0e87d8adccc9a83a47795c9411b1455855/library/std/src/panicking.rs:483:40",
                        "  26: std::panicking::try",
                        "             at /rustc/7632db0e87d8adccc9a83a47795c9411b1455855/library/std/src/panicking.rs:447:19",
                        "  27: std::panic::catch_unwind",
                        "             at /rustc/7632db0e87d8adccc9a83a47795c9411b1455855/library/std/src/panic.rs:137:14",
                        "  28: std::thread::Builder::spawn_unchecked_::{{closure}}",
                        "             at /rustc/7632db0e87d8adccc9a83a47795c9411b1455855/library/std/src/thread/mod.rs:549:30",
                        "  29: core::ops::function::FnOnce::call_once{{vtable.shim}}",
                        "             at /rustc/7632db0e87d8adccc9a83a47795c9411b1455855/library/core/src/ops/function.rs:507:5",
                        "  30: <alloc::boxed::Box<F,A> as core::ops::function::FnOnce<Args>>::call_once",
                        "             at /rustc/7632db0e87d8adccc9a83a47795c9411b1455855/library/alloc/src/boxed.rs:2000:9",
                        "  31: <alloc::boxed::Box<F,A> as core::ops::function::FnOnce<Args>>::call_once",
                        "             at /rustc/7632db0e87d8adccc9a83a47795c9411b1455855/library/alloc/src/boxed.rs:2000:9",
                        "  32: std::sys::unix::thread::Thread::new::thread_start",
                        "             at /rustc/7632db0e87d8adccc9a83a47795c9411b1455855/library/std/src/sys/unix/thread.rs:108:17",
                        "  33: __pthread_deallocate"
                      ]
                    ],
                    "sources": []
                  }
                ]
              },
              {
                "context": "context A",
                "attachments": [
                  {
                    "file": "tests/common/snapshots.rs",
                    "line": 187,
                    "column": 10
                  },
                  "11",
                  "9",
                  "8"
                ],
                "sources": [
                  {
                    "context": "root error",
                    "attachments": [
                      {
                        "file": "tests/common/mod.rs",
                        "line": 4,
                        "column": 5
                      },
                      [
                        "   0: std::backtrace_rs::backtrace::libunwind::trace",
                        "             at /rustc/7632db0e87d8adccc9a83a47795c9411b1455855/library/std/src/../../backtrace/src/backtrace/libunwind.rs:93:5",
                        "   1: std::backtrace_rs::backtrace::trace_unsynchronized",
                        "             at /rustc/7632db0e87d8adccc9a83a47795c9411b1455855/library/std/src/../../backtrace/src/backtrace/mod.rs:66:5",
                        "   2: std::backtrace::Backtrace::create",
                        "             at /rustc/7632db0e87d8adccc9a83a47795c9411b1455855/library/std/src/backtrace.rs:332:13",
                        "   3: core::ops::function::FnOnce::call_once",
                        "             at /rustc/7632db0e87d8adccc9a83a47795c9411b1455855/library/core/src/ops/function.rs:507:5",
                        "   4: core::bool::<impl bool>::then",
                        "             at /rustc/7632db0e87d8adccc9a83a47795c9411b1455855/library/core/src/bool.rs:71:24",
                        "   5: error_stack::report::Report<C>::from_frame",
                        "             at ./src/report.rs:288:25",
                        "   6: error_stack::report::Report<C>::new",
                        "             at ./src/report.rs:274:9",
                        "   7: test_serialize::common::create_report",
                        "             at ./tests/common/mod.rs:4:5",
                        "   8: test_serialize::common::snapshots::create_sources_nested",
                        "             at ./tests/common/snapshots.rs:186:14",
                        "   9: test_serialize::sources_nested",
                        "             at ./tests/test_serialize.rs:26:18",
                        "  10: test_serialize::sources_nested::{{closure}}",
                        "             at ./tests/test_serialize.rs:23:21",
                        "  11: core::ops::function::FnOnce::call_once",
                        "             at /rustc/7632db0e87d8adccc9a83a47795c9411b1455855/library/core/src/ops/function.rs:507:5",
                        "  12: core::ops::function::FnOnce::call_once",
                        "             at /rustc/7632db0e87d8adccc9a83a47795c9411b1455855/library/core/src/ops/function.rs:507:5",
                        "  13: test::__rust_begin_short_backtrace",
                        "             at /rustc/7632db0e87d8adccc9a83a47795c9411b1455855/library/test/src/lib.rs:657:18",
                        "  14: <alloc::boxed::Box<F,A> as core::ops::function::FnOnce<Args>>::call_once",
                        "             at /rustc/7632db0e87d8adccc9a83a47795c9411b1455855/library/alloc/src/boxed.rs:2000:9",
                        "  15: <core::panic::unwind_safe::AssertUnwindSafe<F> as core::ops::function::FnOnce<()>>::call_once",
                        "             at /rustc/7632db0e87d8adccc9a83a47795c9411b1455855/library/core/src/panic/unwind_safe.rs:271:9",
                        "  16: std::panicking::try::do_call",
                        "             at /rustc/7632db0e87d8adccc9a83a47795c9411b1455855/library/std/src/panicking.rs:483:40",
                        "  17: std::panicking::try",
                        "             at /rustc/7632db0e87d8adccc9a83a47795c9411b1455855/library/std/src/panicking.rs:447:19",
                        "  18: std::panic::catch_unwind",
                        "             at /rustc/7632db0e87d8adccc9a83a47795c9411b1455855/library/std/src/panic.rs:137:14",
                        "  19: test::run_test_in_process",
                        "             at /rustc/7632db0e87d8adccc9a83a47795c9411b1455855/library/test/src/lib.rs:680:27",
                        "  20: test::run_test::run_test_inner::{{closure}}",
                        "             at /rustc/7632db0e87d8adccc9a83a47795c9411b1455855/library/test/src/lib.rs:574:39",
                        "  21: test::run_test::run_test_inner::{{closure}}",
                        "             at /rustc/7632db0e87d8adccc9a83a47795c9411b1455855/library/test/src/lib.rs:601:37",
                        "  22: std::sys_common::backtrace::__rust_begin_short_backtrace",
                        "             at /rustc/7632db0e87d8adccc9a83a47795c9411b1455855/library/std/src/sys_common/backtrace.rs:121:18",
                        "  23: std::thread::Builder::spawn_unchecked_::{{closure}}::{{closure}}",
                        "             at /rustc/7632db0e87d8adccc9a83a47795c9411b1455855/library/std/src/thread/mod.rs:550:17",
                        "  24: <core::panic::unwind_safe::AssertUnwindSafe<F> as core::ops::function::FnOnce<()>>::call_once",
                        "             at /rustc/7632db0e87d8adccc9a83a47795c9411b1455855/library/core/src/panic/unwind_safe.rs:271:9",
                        "  25: std::panicking::try::do_call",
                        "             at /rustc/7632db0e87d8adccc9a83a47795c9411b1455855/library/std/src/panicking.rs:483:40",
                        "  26: std::panicking::try",
                        "             at /rustc/7632db0e87d8adccc9a83a47795c9411b1455855/library/std/src/panicking.rs:447:19",
                        "  27: std::panic::catch_unwind",
                        "             at /rustc/7632db0e87d8adccc9a83a47795c9411b1455855/library/std/src/panic.rs:137:14",
                        "  28: std::thread::Builder::spawn_unchecked_::{{closure}}",
                        "             at /rustc/7632db0e87d8adccc9a83a47795c9411b1455855/library/std/src/thread/mod.rs:549:30",
                        "  29: core::ops::function::FnOnce::call_once{{vtable.shim}}",
                        "             at /rustc/7632db0e87d8adccc9a83a47795c9411b1455855/library/core/src/ops/function.rs:507:5",
                        "  30: <alloc::boxed::Box<F,A> as core::ops::function::FnOnce<Args>>::call_once",
                        "             at /rustc/7632db0e87d8adccc9a83a47795c9411b1455855/library/alloc/src/boxed.rs:2000:9",
                        "  31: <alloc::boxed::Box<F,A> as core::ops::function::FnOnce<Args>>::call_once",
                        "             at /rustc/7632db0e87d8adccc9a83a47795c9411b1455855/library/alloc/src/boxed.rs:2000:9",
                        "  32: std::sys::unix::thread::Thread::new::thread_start",
                        "             at /rustc/7632db0e87d8adccc9a83a47795c9411b1455855/library/std/src/sys/unix/thread.rs:108:17",
                        "  33: __pthread_deallocate"
                      ]
                    ],
                    "sources": []
                  }
                ]
              },
              {
                "context": "context A",
                "attachments": [
                  {
                    "file": "tests/common/snapshots.rs",
                    "line": 183,
                    "column": 10
                  },
                  "12",
                  "9",
                  "8"
                ],
                "sources": [
                  {
                    "context": "context A",
                    "attachments": [
                      {
                        "file": "tests/common/snapshots.rs",
                        "line": 182,
                        "column": 10
                      }
                    ],
                    "sources": [
                      {
                        "context": "root error",
                        "attachments": [
                          {
                            "file": "tests/common/mod.rs",
                            "line": 4,
                            "column": 5
                          },
                          [
                            "   0: std::backtrace_rs::backtrace::libunwind::trace",
                            "             at /rustc/7632db0e87d8adccc9a83a47795c9411b1455855/library/std/src/../../backtrace/src/backtrace/libunwind.rs:93:5",
                            "   1: std::backtrace_rs::backtrace::trace_unsynchronized",
                            "             at /rustc/7632db0e87d8adccc9a83a47795c9411b1455855/library/std/src/../../backtrace/src/backtrace/mod.rs:66:5",
                            "   2: std::backtrace::Backtrace::create",
                            "             at /rustc/7632db0e87d8adccc9a83a47795c9411b1455855/library/std/src/backtrace.rs:332:13",
                            "   3: core::ops::function::FnOnce::call_once",
                            "             at /rustc/7632db0e87d8adccc9a83a47795c9411b1455855/library/core/src/ops/function.rs:507:5",
                            "   4: core::bool::<impl bool>::then",
                            "             at /rustc/7632db0e87d8adccc9a83a47795c9411b1455855/library/core/src/bool.rs:71:24",
                            "   5: error_stack::report::Report<C>::from_frame",
                            "             at ./src/report.rs:288:25",
                            "   6: error_stack::report::Report<C>::new",
                            "             at ./src/report.rs:274:9",
                            "   7: test_serialize::common::create_report",
                            "             at ./tests/common/mod.rs:4:5",
                            "   8: test_serialize::common::snapshots::create_sources_nested",
                            "             at ./tests/common/snapshots.rs:181:14",
                            "   9: test_serialize::sources_nested",
                            "             at ./tests/test_serialize.rs:26:18",
                            "  10: test_serialize::sources_nested::{{closure}}",
                            "             at ./tests/test_serialize.rs:23:21",
                            "  11: core::ops::function::FnOnce::call_once",
                            "             at /rustc/7632db0e87d8adccc9a83a47795c9411b1455855/library/core/src/ops/function.rs:507:5",
                            "  12: core::ops::function::FnOnce::call_once",
                            "             at /rustc/7632db0e87d8adccc9a83a47795c9411b1455855/library/core/src/ops/function.rs:507:5",
                            "  13: test::__rust_begin_short_backtrace",
                            "             at /rustc/7632db0e87d8adccc9a83a47795c9411b1455855/library/test/src/lib.rs:657:18",
                            "  14: <alloc::boxed::Box<F,A> as core::ops::function::FnOnce<Args>>::call_once",
                            "             at /rustc/7632db0e87d8adccc9a83a47795c9411b1455855/library/alloc/src/boxed.rs:2000:9",
                            "  15: <core::panic::unwind_safe::AssertUnwindSafe<F> as core::ops::function::FnOnce<()>>::call_once",
                            "             at /rustc/7632db0e87d8adccc9a83a47795c9411b1455855/library/core/src/panic/unwind_safe.rs:271:9",
                            "  16: std::panicking::try::do_call",
                            "             at /rustc/7632db0e87d8adccc9a83a47795c9411b1455855/library/std/src/panicking.rs:483:40",
                            "  17: std::panicking::try",
                            "             at /rustc/7632db0e87d8adccc9a83a47795c9411b1455855/library/std/src/panicking.rs:447:19",
                            "  18: std::panic::catch_unwind",
                            "             at /rustc/7632db0e87d8adccc9a83a47795c9411b1455855/library/std/src/panic.rs:137:14",
                            "  19: test::run_test_in_process",
                            "             at /rustc/7632db0e87d8adccc9a83a47795c9411b1455855/library/test/src/lib.rs:680:27",
                            "  20: test::run_test::run_test_inner::{{closure}}",
                            "             at /rustc/7632db0e87d8adccc9a83a47795c9411b1455855/library/test/src/lib.rs:574:39",
                            "  21: test::run_test::run_test_inner::{{closure}}",
                            "             at /rustc/7632db0e87d8adccc9a83a47795c9411b1455855/library/test/src/lib.rs:601:37",
                            "  22: std::sys_common::backtrace::__rust_begin_short_backtrace",
                            "             at /rustc/7632db0e87d8adccc9a83a47795c9411b1455855/library/std/src/sys_common/backtrace.rs:121:18",
                            "  23: std::thread::Builder::spawn_unchecked_::{{closure}}::{{closure}}",
                            "             at /rustc/7632db0e87d8adccc9a83a47795c9411b1455855/library/std/src/thread/mod.rs:550:17",
                            "  24: <core::panic::unwind_safe::AssertUnwindSafe<F> as core::ops::function::FnOnce<()>>::call_once",
                            "             at /rustc/7632db0e87d8adccc9a83a47795c9411b1455855/library/core/src/panic/unwind_safe.rs:271:9",
                            "  25: std::panicking::try::do_call",
                            "             at /rustc/7632db0e87d8adccc9a83a47795c9411b1455855/library/std/src/panicking.rs:483:40",
                            "  26: std::panicking::try",
                            "             at /rustc/7632db0e87d8adccc9a83a47795c9411b1455855/library/std/src/panicking.rs:447:19",
                            "  27: std::panic::catch_unwind",
                            "             at /rustc/7632db0e87d8adccc9a83a47795c9411b1455855/library/std/src/panic.rs:137:14",
                            "  28: std::thread::Builder::spawn_unchecked_::{{closure}}",
                            "             at /rustc/7632db0e87d8adccc9a83a47795c9411b1455855/library/std/src/thread/mod.rs:549:30",
                            "  29: core::ops::function::FnOnce::call_once{{vtable.shim}}",
                            "             at /rustc/7632db0e87d8adccc9a83a47795c9411b1455855/library/core/src/ops/function.rs:507:5",
                            "  30: <alloc::boxed::Box<F,A> as core::ops::function::FnOnce<Args>>::call_once",
                            "             at /rustc/7632db0e87d8adccc9a83a47795c9411b1455855/library/alloc/src/boxed.rs:2000:9",
                            "  31: <alloc::boxed::Box<F,A> as core::ops::function::FnOnce<Args>>::call_once",
                            "             at /rustc/7632db0e87d8adccc9a83a47795c9411b1455855/library/alloc/src/boxed.rs:2000:9",
                            "  32: std::sys::unix::thread::Thread::new::thread_start",
                            "             at /rustc/7632db0e87d8adccc9a83a47795c9411b1455855/library/std/src/sys/unix/thread.rs:108:17",
                            "  33: __pthread_deallocate"
                          ]
                        ],
                        "sources": []
                      }
                    ]
                  }
                ]
              }
            ]
          }
        ]
      }
    ]
  }
]
