---
source: libs/error-stack/tests/test_debug.rs
expression: "format!(\"{report:#?}\")"
---
context A
├╴at libs/error-stack/tests/test_debug.rs:208:10
├╴2
├╴1
│
╰┬▶ context A
 │  ├╴at libs/error-stack/tests/test_debug.rs:201:10
 │  ├╴4
 │  ├╴3
 │  │
 │  ╰─▶ root error
 │      ├╴at libs/error-stack/tests/common.rs:9:5
 │      ╰╴6
 │
 ╰▶ context A
    ├╴at libs/error-stack/tests/test_debug.rs:196:10
    ├╴5
    ├╴3
    │
    ├─▶ context A
    │   ├╴at libs/error-stack/tests/test_debug.rs:194:10
    │   ╰╴7
    │
    ╰┬▶ context A
     │  ├╴at libs/error-stack/tests/test_debug.rs:185:34
     │  ├╴9
     │  ├╴8
     │  │
     │  ╰─▶ root error
     │      ╰╴at libs/error-stack/tests/common.rs:9:5
     │
     ├▶ context A
     │  ├╴at libs/error-stack/tests/test_debug.rs:178:10
     │  ├╴13
     │  ├╴10
     │  ├╴16
     │  ├╴9
     │  ├╴8
     │  │
     │  ╰─▶ root error
     │      ╰╴at libs/error-stack/tests/common.rs:9:5
     │
     ├▶ context A
     │  ├╴at libs/error-stack/tests/test_debug.rs:164:10
     │  ├╴15
     │  ├╴14
     │  ├╴10
     │  ├╴16
     │  ├╴9
     │  ├╴8
     │  │
     │  ╰─▶ root error
     │      ╰╴at libs/error-stack/tests/common.rs:9:5
     │
     ├▶ context A
     │  ├╴at libs/error-stack/tests/test_debug.rs:174:10
     │  ├╴11
     │  ├╴9
     │  ├╴8
     │  │
     │  ╰─▶ root error
     │      ╰╴at libs/error-stack/tests/common.rs:9:5
     │
     ╰▶ context A
        ├╴at libs/error-stack/tests/test_debug.rs:170:10
        ├╴12
        ├╴9
        ├╴8
        │
        ├─▶ context A
        │   ╰╴at libs/error-stack/tests/test_debug.rs:169:10
        │
        ╰─▶ root error
            ╰╴at libs/error-stack/tests/common.rs:9:5
