---
source: libs/@local/codegen/tests/standalone-types/main.rs
expression: generated
---
export interface MapOptional {
	maybe_map?: {
		[key: string]: number
	};
	map_of_optionals: {
		[key: string]: (number | undefined)
	};
	maybe_btree?: {
		[key: string]: string
	};
	btree_of_optionals: {
		[key: string]: (number | undefined)
	};
}
