---
source: libs/@local/codegen/tests/standalone-types/main.rs
expression: generated
---
export interface MapOptional {
	maybe_map: (Record<string, number> | undefined);
	map_of_optionals: Record<string, (number | undefined)>;
	maybe_btree: (Record<string, string> | undefined);
	btree_of_optionals: Record<string, (number | undefined)>;
}
