---
source: libs/@local/codegen/tests/standalone-types/main.rs
expression: generated
---
export interface MapNested {
	nested_maps: Record<string, Record<string, number>>;
	triple_nested: Record<string, Record<string, Record<string, boolean>>>;
	btree_nested: Record<string, Record<number, string>>;
	mixed_nesting: Record<string, Record<number, Record<string, boolean>>>;
}
