---
source: libs/@local/hashql/syntax-jexpr/src/parser/string/path.rs
description: Single generic argument
expression: Vec<T>
info:
  kind: Ok
---
Path#4294967040@8 (rooted: false)
  PathSegment#4294967040@7 (name: Vec)
    PathSegmentArgument (GenericArgument)
      GenericArgument#4294967040@6
        Type#4294967040@5
          TypeKind (Path)
            Path#4294967040@5 (rooted: false)
              PathSegment#4294967040@4 (name: T)
