---
source: libs/@local/hashql/syntax-jexpr/src/parser/string/type.rs
description: Inferred tuple type
expression: "(_, _, _)"
info:
  kind: Ok
---
Type#4294967040@8
  TypeKind (Tuple)
    TupleType#4294967040@8
      TupleField#4294967040@1
        Type#4294967040@1
          TypeKind (Infer)
      TupleField#4294967040@3
        Type#4294967040@2
          TypeKind (Infer)
      TupleField#4294967040@7
        Type#4294967040@6
          TypeKind (Infer)
