---
source: libs/@local/hashql/syntax-jexpr/src/parser/string/type.rs
description: Struct with tuple field
expression: "(data: (Int, String))"
info:
  kind: Ok
---
Type#4294967040@26
  TypeKind (Struct)
    StructType#4294967040@26
      StructField#4294967040@25 (name: data)
        Type#4294967040@24
          TypeKind (Tuple)
            TupleType#4294967040@24
              TupleField#4294967040@15
                Type#4294967040@14
                  TypeKind (Path)
                    Path#4294967040@14 (rooted: false)
                      PathSegment#4294967040@13 (name: Int)
              TupleField#4294967040@23
                Type#4294967040@22
                  TypeKind (Path)
                    Path#4294967040@22 (rooted: false)
                      PathSegment#4294967040@21 (name: String)
