---
source: libs/@local/hashql/syntax-jexpr/src/parser/string/path.rs
description: Multiple generic arguments
expression: "Map<K, V>"
info:
  kind: Ok
---
Path#4294967040@13 (rooted: false)
  PathSegment#4294967040@12 (name: Map)
    PathSegmentArgument (GenericArgument)
      GenericArgument#4294967040@6
        Type#4294967040@5
          TypeKind (Path)
            Path#4294967040@5 (rooted: false)
              PathSegment#4294967040@4 (name: K)
    PathSegmentArgument (GenericArgument)
      GenericArgument#4294967040@11
        Type#4294967040@10
          TypeKind (Path)
            Path#4294967040@10 (rooted: false)
              PathSegment#4294967040@9 (name: V)
