---
source: libs/@local/hashql/syntax-jexpr/src/parser/string/type.rs
description: Generic with multiple parameters
expression: "Map<Key, Value>"
info:
  kind: Ok
---
Type#4294967040@13
  TypeKind (Path)
    Path#4294967040@13 (rooted: false)
      PathSegment#4294967040@12 (name: Map)
        PathSegmentArgument (GenericArgument)
          GenericArgument#4294967040@6
            Type#4294967040@5
              TypeKind (Path)
                Path#4294967040@5 (rooted: false)
                  PathSegment#4294967040@4 (name: Key)
        PathSegmentArgument (GenericArgument)
          GenericArgument#4294967040@11
            Type#4294967040@10
              TypeKind (Path)
                Path#4294967040@10 (rooted: false)
                  PathSegment#4294967040@9 (name: Value)
