---
source: libs/@local/hashql/syntax-jexpr/src/parser/string/generic.rs
description: Generic parameter with type bound
expression: "<T: Object>"
info:
  kind: Ok
---
Generics#4294967040@6
  GenericParam#4294967040@5 (name: T)
    Type#4294967040@4
      TypeKind (Path)
        Path#4294967040@4 (rooted: false)
          PathSegment#4294967040@3 (name: Object)
