---
source: libs/@local/hashql/syntax-jexpr/src/parser/string/expr.rs
description: Chained index access with identifier
expression: "foo[bar][baz]"
info:
  kind: Ok
---
Expr#4294967040@11
  ExprKind (Index)
    IndexExpr#4294967040@11
      Expr#4294967040@10
        ExprKind (Index)
          IndexExpr#4294967040@10
            Expr#4294967040@3
              ExprKind (Path)
                Path#4294967040@3 (rooted: false)
                  PathSegment#4294967040@2 (name: foo)
            Expr#4294967040@6
              ExprKind (Path)
                Path#4294967040@6 (rooted: false)
                  PathSegment#4294967040@5 (name: bar)
      Expr#4294967040@9
        ExprKind (Path)
          Path#4294967040@9 (rooted: false)
            PathSegment#4294967040@8 (name: baz)
