---
source: libs/@local/hashql/syntax-jexpr/src/parser/string/generic.rs
description: Generic argument with whitespace
expression: " Int "
info:
  kind: Ok
---
GenericArgument#4294967040@4
  Type#4294967040@3
    TypeKind (Path)
      Path#4294967040@3 (rooted: false)
        PathSegment#4294967040@2 (name: Int)
