---
source: libs/@local/hashql/syntax-jexpr/src/parser/string/generic.rs
description: Struct type as generic argument
expression: "(key: K, value: V)"
info:
  kind: Ok
---
GenericArgument#4294967040@19
  Type#4294967040@18
    TypeKind (Struct)
      StructType#4294967040@18
        StructField#4294967040@12 (name: key)
          Type#4294967040@11
            TypeKind (Path)
              Path#4294967040@11 (rooted: false)
                PathSegment#4294967040@10 (name: K)
        StructField#4294967040@17 (name: value)
          Type#4294967040@16
            TypeKind (Path)
              Path#4294967040@16 (rooted: false)
                PathSegment#4294967040@15 (name: V)
