---
source: libs/@local/hashql/syntax-jexpr/src/parser/string/path.rs
description: Complex nested generics
expression: "HashMap<String, Vec<Option<T>>>"
info:
  kind: Ok
---
Path#4294967040@23 (rooted: false)
  PathSegment#4294967040@22 (name: HashMap)
    PathSegmentArgument (GenericArgument)
      GenericArgument#4294967040@6
        Type#4294967040@5
          TypeKind (Path)
            Path#4294967040@5 (rooted: false)
              PathSegment#4294967040@4 (name: String)
    PathSegmentArgument (GenericArgument)
      GenericArgument#4294967040@21
        Type#4294967040@20
          TypeKind (Path)
            Path#4294967040@20 (rooted: false)
              PathSegment#4294967040@19 (name: Vec)
                PathSegmentArgument (GenericArgument)
                  GenericArgument#4294967040@18
                    Type#4294967040@17
                      TypeKind (Path)
                        Path#4294967040@17 (rooted: false)
                          PathSegment#4294967040@16 (name: Option)
                            PathSegmentArgument (GenericArgument)
                              GenericArgument#4294967040@15
                                Type#4294967040@14
                                  TypeKind (Path)
                                    Path#4294967040@14 (rooted: false)
                                      PathSegment#4294967040@13 (name: T)
