---
source: libs/@local/hashql/syntax-jexpr/src/parser/string/type.rs
description: Tuple with struct field
expression: "((name: String), Int)"
info:
  kind: Ok
---
Type#4294967040@36
  TypeKind (Tuple)
    TupleType#4294967040@36
      TupleField#4294967040@27
        Type#4294967040@26
          TypeKind (Struct)
            StructType#4294967040@26
              StructField#4294967040@25 (name: name)
                Type#4294967040@24
                  TypeKind (Path)
                    Path#4294967040@24 (rooted: false)
                      PathSegment#4294967040@23 (name: String)
      TupleField#4294967040@35
        Type#4294967040@34
          TypeKind (Path)
            Path#4294967040@34 (rooted: false)
              PathSegment#4294967040@33 (name: Int)
