---
source: libs/@local/hashql/syntax-jexpr/src/parser/string/type.rs
description: Generic type
expression: Container<T>
info:
  kind: Ok
---
Type#4294967040@8
  TypeKind (Path)
    Path#4294967040@8 (rooted: false)
      PathSegment#4294967040@7 (name: Container)
        PathSegmentArgument (GenericArgument)
          GenericArgument#4294967040@6
            Type#4294967040@5
              TypeKind (Path)
                Path#4294967040@5 (rooted: false)
                  PathSegment#4294967040@4 (name: T)
