---
source: libs/@local/hashql/mir/src/pass/analysis/execution/splitting/tests.rs
expression: output
---
fn {closure@4294967040}() -> Integer {
    let %0: Integer
    let %1: Integer

    bb0(): {
        %0 = 1                                                                  // IP
        %1 = 2                                                                  // IP

        return %1
    }
}

================= Block Targets ==================

Block Targets:
  bb0: {Interpreter, Postgres}
