---
source: libs/@local/hashql/mir/src/pass/transform/cfg_simplify/tests.rs
expression: value
---
fn {intrinsic#4294967040}(%0: Integer) -> Null {
    let %1: Integer
    let %2: Integer
    let %3: Integer

    bb0(): {
        switchInt(%0) -> [0: bb1(), 1: bb2()]
    }

    bb1(): {
        %1 = 1

        goto -> bb3()
    }

    bb2(): {
        %2 = 2

        goto -> bb3()
    }

    bb3(): {
        %3 = 3

        return ()
    }
}

================== Changed: No ===================

fn {intrinsic#4294967040}(%0: Integer) -> Null {
    let %1: Integer
    let %2: Integer
    let %3: Integer

    bb0(): {
        switchInt(%0) -> [0: bb1(), 1: bb2()]
    }

    bb1(): {
        %1 = 1

        goto -> bb3()
    }

    bb2(): {
        %2 = 2

        goto -> bb3()
    }

    bb3(): {
        %3 = 3

        return ()
    }
}
