---
source: libs/@local/hashql/mir/src/pass/transform/cfg_simplify/tests.rs
expression: value
---
fn {closure@4294967040}() -> Null {
    bb0(): {
        goto -> bb1()
    }

    bb1(): {
        goto -> bb1()
    }
}

================== Changed: No ===================

fn {closure@4294967040}() -> Null {
    bb0(): {
        goto -> bb1()
    }

    bb1(): {
        goto -> bb1()
    }
}
