---
source: libs/@local/hashql/mir/src/pass/transform/cfg_simplify/tests.rs
expression: value
---
fn {closure@4294967040}() -> Null {
    let %0: Integer

    bb0(): {
        %0 = 0

        switchInt(%0) -> [0: bb1(), 1: bb2(), otherwise: bb3()]
    }

    bb1(): {
        goto -> bb4()
    }

    bb2(): {
        goto -> bb4()
    }

    bb3(): {
        return null
    }

    bb4(): {
        return null
    }
}

================== Changed: Yes ==================

fn {closure@4294967040}() -> Null {
    let %0: Integer

    bb0(): {
        %0 = 0

        switchInt(%0) -> [0: bb1(), 1: bb2(), otherwise: bb3()]
    }

    bb1(): {
        return null
    }

    bb2(): {
        return null
    }

    bb3(): {
        return null
    }
}
