---
source: libs/@local/hashql/mir/src/pass/transform/cfg_simplify/tests.rs
expression: value
---
fn {intrinsic#4294967040}() -> Null {
    let %0: Integer

    bb0(): {
        %0 = 0

        goto -> bb1()
    }

    bb1(): {
        switchInt(%0) -> [0: bb1(), otherwise: bb2()]
    }

    bb2(): {
        return ()
    }
}

------------------------------------

fn {intrinsic#4294967040}() -> Null {
    let %0: Integer

    bb0(): {
        %0 = 0

        switchInt(%0) -> [0: bb1(), otherwise: bb2()]
    }

    bb1(): {
        switchInt(%0) -> [0: bb1(), otherwise: bb2()]
    }

    bb2(): {
        return ()
    }
}
