---
source: libs/@local/hashql/syntax-jexpr/src/parser/array/visit.rs
description: Array with trailing comma should fail
expression: "[1, 2,]"
---
[31m[array::trailing-comma] Error:[0m Unexpected trailing comma in array
   ╭─[ <unknown>:1:6 ]
   │
 1 │ [1, 2,]
   │      ┬  
   │      ╰── Remove this trailing comma
   │ 
   │ Help: J-Expr does not support trailing commas in arrays. Use `[item1, item2]` instead of `[item1, item2,]`
───╯
