---
source: libs/@local/hashql/syntax-jexpr/src/parser/array/visit.rs
description: Array with multiple consecutive commas should fail
expression: "[1,,,2]"
---
error[array::consecutive-comma]: Consecutive commas in array
  ╭▸ 
1 │ [1,,,2]
  │    ┯─ ... and this extra comma
  │    │
  │    Remove this extra comma
  │
  ╰ help: J-Expr requires exactly one comma between array elements. Use `[item1, item2, item3]` format.
