---
source: libs/@local/hashql/syntax-jexpr/src/parser/array/visit.rs
description: Array with missing comma should fail
expression: "[1 2]"
---
error[lexer::unexpected-token]: Unexpected token
  ╭▸ 
1 │ [1 2]
  │    ━ Unexpected number, expected `,` or `]`
  │
  ╰ help: Missing closing bracket. Make sure all opening brackets have matching closing brackets.
