---
source: libs/@local/hashql/syntax-jexpr/src/parser/array/visit.rs
description: Array with consecutive commas should fail
expression: "[1,,2]"
---
[31m[array::consecutive-comma] Error:[0m Consecutive commas in array
   ╭─[ <unknown>:1:4 ]
   │
 1 │ [1,,2]
   │    ┬  
   │    ╰── Remove this extra comma
   │ 
   │ Help: J-Expr requires exactly one comma between array elements. Use `[item1, item2, item3]` format.
───╯
