---
source: libs/@local/hashql/syntax-jexpr/src/parser/array/visit.rs
description: Array with multiple leading commas should fail
expression: "[,,1]"
---
[31m[array::leading-comma] Error:[0m Array
   ╭─[ <unknown>:1:3 ]
   │
 1 │ [,,1]
   │  ┬┬  
   │  │╰── Remove this leading comma
   │  │   
   │  ╰─── ... and this leading comma
   │ 
   │ Help: J-Expr does not support leading commas in arrays. Use `[item1, item2]` format.
───╯
