---
source: libs/@local/hashql/syntax-jexpr/src/parser/array/visit.rs
description: Array with consecutive commas should fail
expression: "[1,,2]"
---
[31m[array::consecutive-comma] Error:[0m Array
   ╭─[ <unknown>:1:4 ]
   │
 1 │ [1,,2]
   │    ┬  
   │    ╰── Remove this comma
   │ 
   │ Help: Unlike JavaScript or some other languages, J-Expr does not support consecutive commas in arrays
───╯
