---
source: libs/@local/hashql/syntax-jexpr/src/parser/array/visit.rs
description: Array with multiple leading commas should fail
expression: "[,,1]"
---
error[array::leading-comma]: Unexpected leading comma in array
  ╭▸ 
1 │ [,,1]
  │  ┯─ ... and this leading comma
  │  │
  │  Remove this leading comma
  │
  ╰ help: J-Expr does not support leading commas in arrays. Use `[item1, item2]` format.
