---
source: libs/@local/hashql/syntax-jexpr/src/parser/array/visit.rs
description: Unclosed array should fail
expression: "[1, 2"
---
error[lexer::unexpected-eof]: Unexpected end of file
  ╭▸ 
1 │ [1, 2
  │      ━ Unexpected end of file
  │
  ╰ help: Missing closing bracket. Make sure all opening brackets have matching closing brackets.
