---
source: libs/@local/hashql/mir/src/pass/execution/fusion/tests.rs
expression: output
---
fn {closure@4294967040}() -> Integer {
    let %0: Integer
    let %1: Integer

    bb0(): {
        %0 = 1

        goto -> bb1(%0)
    }

    bb1(%1): {
        return %1
    }
}

================= Block Targets ==================

bb0: interpreter
bb1: interpreter
