---
source: libs/@local/hashql/mir/src/pass/transform/traversal_extraction/tests.rs
expression: value
---
fn {graph::read::filter@4294967040}(%0: (), %1: (Integer, Integer)) -> Boolean {
    let %2: Integer
    let %3: Boolean

    bb0(): {
        %2 = %1.0
        %3 = %2 == 42

        return %3
    }
}

================== Changed: No ===================

fn {graph::read::filter@4294967040}(%0: (), %1: (Integer, Integer)) -> Boolean {
    let %2: Integer
    let %3: Boolean

    bb0(): {
        %2 = %1.0
        %3 = %2 == 42

        return %3
    }
}

=================== Traversals ===================

%2 → %1.0
