---
source: libs/@local/hashql/mir/src/pass/transform/traversal_extraction/tests.rs
expression: value
---
fn {graph::read::filter@4294967040}(%0: (Integer, Integer), %1: (Integer, Integer)) -> Boolean {
    let %2: Boolean

    bb0(): {
        %2 = %0.0 == 42

        return %2
    }
}

================== Changed: No ===================

fn {graph::read::filter@4294967040}(%0: (Integer, Integer), %1: (Integer, Integer)) -> Boolean {
    let %2: Boolean

    bb0(): {
        %2 = %0.0 == 42

        return %2
    }
}

=================== Traversals ===================
