---
source: libs/@local/hashql/mir/src/pass/transform/traversal_extraction/tests.rs
expression: value
---
fn {graph::read::filter@4294967040}(%0: (), %1: (Integer, Integer, Integer)) -> Boolean {
    let %2: Boolean
    let %3: Boolean
    let %4: Boolean

    bb0(): {
        %2 = %1.0 == 1
        %3 = %1.2 == 3
        %4 = %2 & %3

        return %4
    }
}

================== Changed: Yes ==================

fn {graph::read::filter@4294967040}(%0: (), %1: (Integer, Integer, Integer)) -> Boolean {
    let %2: Boolean
    let %3: Boolean
    let %4: Boolean
    let %5: Integer
    let %6: Integer

    bb0(): {
        %5 = %1.0
        %2 = %5 == 1
        %6 = %1.2
        %3 = %6 == 3
        %4 = %2 & %3

        return %4
    }
}

=================== Traversals ===================

%5 → %1.0
%6 → %1.2
