---
source: libs/@local/hashql/mir/src/pass/transform/dbe/tests.rs
expression: value
---
fn {closure@4294967040}() -> Null {
    let %0: Integer
    let %1: Integer

    bb0(): {
        goto -> bb2(1)
    }

    bb1(): {
        unreachable
    }

    bb2(%0): {
        %1 = %0

        return null
    }
}

================== Changed: Yes ==================

fn {closure@4294967040}() -> Null {
    let %0: Integer
    let %1: Integer

    bb0(): {
        goto -> bb1(1)
    }

    bb1(%0): {
        %1 = %0

        return null
    }
}
