---
source: libs/@local/hashql/mir/src/pass/transform/dbe/tests.rs
expression: value
---
fn {intrinsic#4294967040}() -> Null {
    bb0(): {
        goto -> bb2()
    }

    bb1(): {
        unreachable
    }

    bb2(): {
        return ()
    }
}

------------------------------------

fn {intrinsic#4294967040}() -> Null {
    bb0(): {
        goto -> bb1()
    }

    bb1(): {
        return ()
    }
}
