---
source: libs/@local/integrations/definition/tests/ui.rs
expression: render(&text)
input_file: libs/@local/integrations/definition/tests/ui/syntax-invalid-yaml.yaml
---
3:1: error: line 3 column 1: invalid indentation in multiline quoted scalar
 --> <input>:3:1
  |
1 | # Text that is not YAML stops parsing at the first error.
2 | connector: "demo
3 | sources: {}
  | ^ invalid indentation in multiline quoted scalar
